Archive member included to satisfy reference by file (symbol)

C:/ST/STM32CubeIDE_2.1.1/STM32CubeIDE/plugins/com.st.stm32cube.ide.mcu.externaltools.gnu-tools-for-stm32.14.3.rel1.win32_1.0.100.202602081740/tools/bin/../lib/gcc/arm-none-eabi/14.3.1/../../../../arm-none-eabi/lib/thumb/v7e-m+fp/hard\libc_nano.a(libc_a-exit.o)
                              C:/ST/STM32CubeIDE_2.1.1/STM32CubeIDE/plugins/com.st.stm32cube.ide.mcu.externaltools.gnu-tools-for-stm32.14.3.rel1.win32_1.0.100.202602081740/tools/bin/../lib/gcc/arm-none-eabi/14.3.1/../../../../arm-none-eabi/lib/thumb/v7e-m+fp/hard/crt0.o (exit)
C:/ST/STM32CubeIDE_2.1.1/STM32CubeIDE/plugins/com.st.stm32cube.ide.mcu.externaltools.gnu-tools-for-stm32.14.3.rel1.win32_1.0.100.202602081740/tools/bin/../lib/gcc/arm-none-eabi/14.3.1/../../../../arm-none-eabi/lib/thumb/v7e-m+fp/hard\libc_nano.a(libc_a-malloc.o)
                              ./Core/Src/drv_lcd.o (malloc)
C:/ST/STM32CubeIDE_2.1.1/STM32CubeIDE/plugins/com.st.stm32cube.ide.mcu.externaltools.gnu-tools-for-stm32.14.3.rel1.win32_1.0.100.202602081740/tools/bin/../lib/gcc/arm-none-eabi/14.3.1/../../../../arm-none-eabi/lib/thumb/v7e-m+fp/hard\libc_nano.a(libc_a-mallocr.o)
                              C:/ST/STM32CubeIDE_2.1.1/STM32CubeIDE/plugins/com.st.stm32cube.ide.mcu.externaltools.gnu-tools-for-stm32.14.3.rel1.win32_1.0.100.202602081740/tools/bin/../lib/gcc/arm-none-eabi/14.3.1/../../../../arm-none-eabi/lib/thumb/v7e-m+fp/hard\libc_nano.a(libc_a-malloc.o) (_malloc_r)
C:/ST/STM32CubeIDE_2.1.1/STM32CubeIDE/plugins/com.st.stm32cube.ide.mcu.externaltools.gnu-tools-for-stm32.14.3.rel1.win32_1.0.100.202602081740/tools/bin/../lib/gcc/arm-none-eabi/14.3.1/../../../../arm-none-eabi/lib/thumb/v7e-m+fp/hard\libc_nano.a(libc_a-mlock.o)
                              C:/ST/STM32CubeIDE_2.1.1/STM32CubeIDE/plugins/com.st.stm32cube.ide.mcu.externaltools.gnu-tools-for-stm32.14.3.rel1.win32_1.0.100.202602081740/tools/bin/../lib/gcc/arm-none-eabi/14.3.1/../../../../arm-none-eabi/lib/thumb/v7e-m+fp/hard\libc_nano.a(libc_a-mallocr.o) (__malloc_lock)
C:/ST/STM32CubeIDE_2.1.1/STM32CubeIDE/plugins/com.st.stm32cube.ide.mcu.externaltools.gnu-tools-for-stm32.14.3.rel1.win32_1.0.100.202602081740/tools/bin/../lib/gcc/arm-none-eabi/14.3.1/../../../../arm-none-eabi/lib/thumb/v7e-m+fp/hard\libc_nano.a(libc_a-findfp.o)
                              ./Middlewares/Third_Party/FreeRTOS/Source/tasks.o (__sf)
C:/ST/STM32CubeIDE_2.1.1/STM32CubeIDE/plugins/com.st.stm32cube.ide.mcu.externaltools.gnu-tools-for-stm32.14.3.rel1.win32_1.0.100.202602081740/tools/bin/../lib/gcc/arm-none-eabi/14.3.1/../../../../arm-none-eabi/lib/thumb/v7e-m+fp/hard\libc_nano.a(libc_a-fwalk.o)
                              C:/ST/STM32CubeIDE_2.1.1/STM32CubeIDE/plugins/com.st.stm32cube.ide.mcu.externaltools.gnu-tools-for-stm32.14.3.rel1.win32_1.0.100.202602081740/tools/bin/../lib/gcc/arm-none-eabi/14.3.1/../../../../arm-none-eabi/lib/thumb/v7e-m+fp/hard\libc_nano.a(libc_a-findfp.o) (_fwalk_sglue)
C:/ST/STM32CubeIDE_2.1.1/STM32CubeIDE/plugins/com.st.stm32cube.ide.mcu.externaltools.gnu-tools-for-stm32.14.3.rel1.win32_1.0.100.202602081740/tools/bin/../lib/gcc/arm-none-eabi/14.3.1/../../../../arm-none-eabi/lib/thumb/v7e-m+fp/hard\libc_nano.a(libc_a-snprintf.o)
                              ./Core/Src/main.o (snprintf)
C:/ST/STM32CubeIDE_2.1.1/STM32CubeIDE/plugins/com.st.stm32cube.ide.mcu.externaltools.gnu-tools-for-stm32.14.3.rel1.win32_1.0.100.202602081740/tools/bin/../lib/gcc/arm-none-eabi/14.3.1/../../../../arm-none-eabi/lib/thumb/v7e-m+fp/hard\libc_nano.a(libc_a-stdio.o)
                              C:/ST/STM32CubeIDE_2.1.1/STM32CubeIDE/plugins/com.st.stm32cube.ide.mcu.externaltools.gnu-tools-for-stm32.14.3.rel1.win32_1.0.100.202602081740/tools/bin/../lib/gcc/arm-none-eabi/14.3.1/../../../../arm-none-eabi/lib/thumb/v7e-m+fp/hard\libc_nano.a(libc_a-findfp.o) (__sread)
C:/ST/STM32CubeIDE_2.1.1/STM32CubeIDE/plugins/com.st.stm32cube.ide.mcu.externaltools.gnu-tools-for-stm32.14.3.rel1.win32_1.0.100.202602081740/tools/bin/../lib/gcc/arm-none-eabi/14.3.1/../../../../arm-none-eabi/lib/thumb/v7e-m+fp/hard\libc_nano.a(libc_a-vsnprintf.o)
                              ./Core/Src/drv_lcd.o (vsnprintf)
C:/ST/STM32CubeIDE_2.1.1/STM32CubeIDE/plugins/com.st.stm32cube.ide.mcu.externaltools.gnu-tools-for-stm32.14.3.rel1.win32_1.0.100.202602081740/tools/bin/../lib/gcc/arm-none-eabi/14.3.1/../../../../arm-none-eabi/lib/thumb/v7e-m+fp/hard\libc_nano.a(libc_a-memset.o)
                              C:/ST/STM32CubeIDE_2.1.1/STM32CubeIDE/plugins/com.st.stm32cube.ide.mcu.externaltools.gnu-tools-for-stm32.14.3.rel1.win32_1.0.100.202602081740/tools/bin/../lib/gcc/arm-none-eabi/14.3.1/../../../../arm-none-eabi/lib/thumb/v7e-m+fp/hard/crt0.o (memset)
[...]
Memory Configuration

Name             Origin             Length             Attributes
CCMRAM           0x10000000         0x00010000         xrw
RAM              0x20000000         0x00020000         xrw
FLASH            0x08000000         0x00100000         xr
*default*        0x00000000         0xffffffff

Linker script and memory map

LOAD C:/ST/STM32CubeIDE_2.1.1/STM32CubeIDE/plugins/com.st.stm32cube.ide.mcu.externaltools.gnu-tools-for-stm32.14.3.rel1.win32_1.0.100.202602081740/tools/bin/../lib/gcc/arm-none-eabi/14.3.1/thumb/v7e-m+fp/hard/crti.o
LOAD C:/ST/STM32CubeIDE_2.1.1/STM32CubeIDE/plugins/com.st.stm32cube.ide.mcu.externaltools.gnu-tools-for-stm32.14.3.rel1.win32_1.0.100.202602081740/tools/bin/../lib/gcc/arm-none-eabi/14.3.1/thumb/v7e-m+fp/hard/crtbegin.o
LOAD C:/ST/STM32CubeIDE_2.1.1/STM32CubeIDE/plugins/com.st.stm32cube.ide.mcu.externaltools.gnu-tools-for-stm32.14.3.rel1.win32_1.0.100.202602081740/tools/bin/../lib/gcc/arm-none-eabi/14.3.1/../../../../arm-none-eabi/lib/thumb/v7e-m+fp/hard/crt0.o
LOAD ./Core/Src/drv_es8388.o
LOAD ./Core/Src/drv_i2c2.o
LOAD ./Core/Src/drv_lcd.o
LOAD ./Core/Src/freertos.o
LOAD ./Core/Src/main.o
LOAD ./Core/Src/stm32f4xx_hal_msp.o
LOAD ./Core/Src/stm32f4xx_hal_timebase_tim.o
LOAD ./Core/Src/stm32f4xx_it.o
LOAD ./Core/Src/syscalls.o
LOAD ./Core/Src/sysmem.o
LOAD ./Core/Src/system_stm32f4xx.o
LOAD ./Core/Startup/startup_stm32f407zgtx.o
LOAD ./Drivers/STM32F4xx_HAL_Driver/Src/stm32f4xx_hal.o
LOAD ./Drivers/STM32F4xx_HAL_Driver/Src/stm32f4xx_hal_adc.o
LOAD ./Drivers/STM32F4xx_HAL_Driver/Src/stm32f4xx_hal_adc_ex.o
LOAD ./Drivers/STM32F4xx_HAL_Driver/Src/stm32f4xx_hal_cortex.o
LOAD ./Drivers/STM32F4xx_HAL_Driver/Src/stm32f4xx_hal_dma.o
LOAD ./Drivers/STM32F4xx_HAL_Driver/Src/stm32f4xx_hal_dma_ex.o
LOAD ./Drivers/STM32F4xx_HAL_Driver/Src/stm32f4xx_hal_exti.o
LOAD ./Drivers/STM32F4xx_HAL_Driver/Src/stm32f4xx_hal_flash.o
LOAD ./Drivers/STM32F4xx_HAL_Driver/Src/stm32f4xx_hal_flash_ex.o
LOAD ./Drivers/STM32F4xx_HAL_Driver/Src/stm32f4xx_hal_flash_ramfunc.o
LOAD ./Drivers/STM32F4xx_HAL_Driver/Src/stm32f4xx_hal_gpio.o
LOAD ./Drivers/STM32F4xx_HAL_Driver/Src/stm32f4xx_hal_i2c.o
LOAD ./Drivers/STM32F4xx_HAL_Driver/Src/stm32f4xx_hal_i2c_ex.o
LOAD ./Drivers/STM32F4xx_HAL_Driver/Src/stm32f4xx_hal_i2s.o
LOAD ./Drivers/STM32F4xx_HAL_Driver/Src/stm32f4xx_hal_i2s_ex.o
LOAD ./Drivers/STM32F4xx_HAL_Driver/Src/stm32f4xx_hal_nand.o
LOAD ./Drivers/STM32F4xx_HAL_Driver/Src/stm32f4xx_hal_nor.o
LOAD ./Drivers/STM32F4xx_HAL_Driver/Src/stm32f4xx_hal_pccard.o
LOAD ./Drivers/STM32F4xx_HAL_Driver/Src/stm32f4xx_hal_pwr.o
LOAD ./Drivers/STM32F4xx_HAL_Driver/Src/stm32f4xx_hal_pwr_ex.o
LOAD ./Drivers/STM32F4xx_HAL_Driver/Src/stm32f4xx_hal_rcc.o
LOAD ./Drivers/STM32F4xx_HAL_Driver/Src/stm32f4xx_hal_rcc_ex.o
LOAD ./Drivers/STM32F4xx_HAL_Driver/Src/stm32f4xx_hal_sram.o
LOAD ./Drivers/STM32F4xx_HAL_Driver/Src/stm32f4xx_hal_tim.o
LOAD ./Drivers/STM32F4xx_HAL_Driver/Src/stm32f4xx_hal_tim_ex.o
LOAD ./Drivers/STM32F4xx_HAL_Driver/Src/stm32f4xx_hal_uart.o
LOAD ./Drivers/STM32F4xx_HAL_Driver/Src/stm32f4xx_ll_fsmc.o
LOAD ./Middlewares/Third_Party/FreeRTOS/Source/CMSIS_RTOS/cmsis_os.o
LOAD ./Middlewares/Third_Party/FreeRTOS/Source/croutine.o
LOAD ./Middlewares/Third_Party/FreeRTOS/Source/event_groups.o
LOAD ./Middlewares/Third_Party/FreeRTOS/Source/list.o
LOAD ./Middlewares/Third_Party/FreeRTOS/Source/queue.o
LOAD ./Middlewares/Third_Party/FreeRTOS/Source/stream_buffer.o
LOAD ./Middlewares/Third_Party/FreeRTOS/Source/tasks.o
LOAD ./Middlewares/Third_Party/FreeRTOS/Source/timers.o
LOAD ./Middlewares/Third_Party/FreeRTOS/Source/portable/GCC/ARM_CM4F/port.o
LOAD ./Middlewares/Third_Party/FreeRTOS/Source/portable/MemMang/heap_4.o
START GROUP
LOAD C:/ST/STM32CubeIDE_2.1.1/STM32CubeIDE/plugins/com.st.stm32cube.ide.mcu.externaltools.gnu-tools-for-stm32.14.3.rel1.win32_1.0.100.202602081740/tools/bin/../lib/gcc/arm-none-eabi/14.3.1/../../../../arm-none-eabi/lib/thumb/v7e-m+fp/hard\libc_nano.a
LOAD C:/ST/STM32CubeIDE_2.1.1/STM32CubeIDE/plugins/com.st.stm32cube.ide.mcu.externaltools.gnu-tools-for-stm32.14.3.rel1.win32_1.0.100.202602081740/tools/bin/../lib/gcc/arm-none-eabi/14.3.1/../../../../arm-none-eabi/lib/thumb/v7e-m+fp/hard\libm.a
END GROUP
START GROUP
LOAD C:/ST/STM32CubeIDE_2.1.1/STM32CubeIDE/plugins/com.st.stm32cube.ide.mcu.externaltools.gnu-tools-for-stm32.14.3.rel1.win32_1.0.100.202602081740/tools/bin/../lib/gcc/arm-none-eabi/14.3.1/thumb/v7e-m+fp/hard\libgcc.a
LOAD C:/ST/STM32CubeIDE_2.1.1/STM32CubeIDE/plugins/com.st.stm32cube.ide.mcu.externaltools.gnu-tools-for-stm32.14.3.rel1.win32_1.0.100.202602081740/tools/bin/../lib/gcc/arm-none-eabi/14.3.1/../../../../arm-none-eabi/lib/thumb/v7e-m+fp/hard\libc_nano.a
END GROUP
START GROUP
LOAD C:/ST/STM32CubeIDE_2.1.1/STM32CubeIDE/plugins/com.st.stm32cube.ide.mcu.externaltools.gnu-tools-for-stm32.14.3.rel1.win32_1.0.100.202602081740/tools/bin/../lib/gcc/arm-none-eabi/14.3.1/thumb/v7e-m+fp/hard\libgcc.a
LOAD C:/ST/STM32CubeIDE_2.1.1/STM32CubeIDE/plugins/com.st.stm32cube.ide.mcu.externaltools.gnu-tools-for-stm32.14.3.rel1.win32_1.0.100.202602081740/tools/bin/../lib/gcc/arm-none-eabi/14.3.1/../../../../arm-none-eabi/lib/thumb/v7e-m+fp/hard\libc_nano.a
LOAD C:/ST/STM32CubeIDE_2.1.1/STM32CubeIDE/plugins/com.st.stm32cube.ide.mcu.externaltools.gnu-tools-for-stm32.14.3.rel1.win32_1.0.100.202602081740/tools/bin/../lib/gcc/arm-none-eabi/14.3.1/../../../../arm-none-eabi/lib/thumb/v7e-m+fp/hard\libnosys.a
END GROUP
START GROUP
LOAD C:/ST/STM32CubeIDE_2.1.1/STM32CubeIDE/plugins/com.st.stm32cube.ide.mcu.externaltools.gnu-tools-for-stm32.14.3.rel1.win32_1.0.100.202602081740/tools/bin/../lib/gcc/arm-none-eabi/14.3.1/thumb/v7e-m+fp/hard\libgcc.a
LOAD C:/ST/STM32CubeIDE_2.1.1/STM32CubeIDE/plugins/com.st.stm32cube.ide.mcu.externaltools.gnu-tools-for-stm32.14.3.rel1.win32_1.0.100.202602081740/tools/bin/../lib/gcc/arm-none-eabi/14.3.1/../../../../arm-none-eabi/lib/thumb/v7e-m+fp/hard\libc_nano.a
LOAD C:/ST/STM32CubeIDE_2.1.1/STM32CubeIDE/plugins/com.st.stm32cube.ide.mcu.externaltools.gnu-tools-for-stm32.14.3.rel1.win32_1.0.100.202602081740/tools/bin/../lib/gcc/arm-none-eabi/14.3.1/../../../../arm-none-eabi/lib/thumb/v7e-m+fp/hard\libnosys.a
END GROUP
LOAD C:/ST/STM32CubeIDE_2.1.1/STM32CubeIDE/plugins/com.st.stm32cube.ide.mcu.externaltools.gnu-tools-for-stm32.14.3.rel1.win32_1.0.100.202602081740/tools/bin/../lib/gcc/arm-none-eabi/14.3.1/thumb/v7e-m+fp/hard/crtend.o
LOAD C:/ST/STM32CubeIDE_2.1.1/STM32CubeIDE/plugins/com.st.stm32cube.ide.mcu.externaltools.gnu-tools-for-stm32.14.3.rel1.win32_1.0.100.202602081740/tools/bin/../lib/gcc/arm-none-eabi/14.3.1/thumb/v7e-m+fp/hard/crtn.o
                0x20020000                        _estack = (ORIGIN (RAM) + LENGTH (RAM))
                0x00000200                        _Min_Heap_Size = 0x200
                0x00000400                        _Min_Stack_Size = 0x400

.isr_vector     0x08000000      0x188
                0x08000000                        . = ALIGN (0x4)
 *(.isr_vector)
 .isr_vector    0x08000000      0x188 ./Core/Startup/startup_stm32f407zgtx.o
                0x08000000                g_pfnVectors
                0x08000188                        . = ALIGN (0x4)

.text           0x08000190     0xc89c
                0x08000190                        . = ALIGN (0x4)
 *(.text)
 .text          0x08000190       0x40 C:/ST/STM32CubeIDE_2.1.1/STM32CubeIDE/plugins/com.st.stm32cube.ide.mcu.externaltools.gnu-tools-for-stm32.14.3.rel1.win32_1.0.100.202602081740/tools/bin/../lib/gcc/arm-none-eabi/14.3.1/thumb/v7e-m+fp/hard/crtbegin.o
 .text          0x080001d0       0x10 C:/ST/STM32CubeIDE_2.1.1/STM32CubeIDE/plugins/com.st.stm32cube.ide.mcu.externaltools.gnu-tools-for-stm32.14.3.rel1.win32_1.0.100.202602081740/tools/bin/../lib/gcc/arm-none-eabi/14.3.1/../../../../arm-none-eabi/lib/thumb/v7e-m+fp/hard\libc_nano.a(libc_a-strlen.o)
                0x080001d0                strlen
 .text          0x080001e0       0xa0 C:/ST/STM32CubeIDE_2.1.1/STM32CubeIDE/plugins/com.st.stm32cube.ide.mcu.externaltools.gnu-tools-for-stm32.14.3.rel1.win32_1.0.100.202602081740/tools/bin/../lib/gcc/arm-none-eabi/14.3.1/../../../../arm-none-eabi/lib/thumb/v7e-m+fp/hard\libc_nano.a(libc_a-memchr.o)
                0x080001e0                memchr
 .text          0x08000280       0x30 C:/ST/STM32CubeIDE_2.1.1/STM32CubeIDE/plugins/com.st.stm32cube.ide.mcu.externaltools.gnu-tools-for-stm32.14.3.rel1.win32_1.0.100.202602081740/tools/bin/../lib/gcc/arm-none-eabi/14.3.1/thumb/v7e-m+fp/hard\libgcc.a(_aeabi_uldivmod.o)
                0x08000280                __aeabi_uldivmod
 .text          0x080002b0      0x2f8 C:/ST/STM32CubeIDE_2.1.1/STM32CubeIDE/plugins/com.st.stm32cube.ide.mcu.externaltools.gnu-tools-for-stm32.14.3.rel1.win32_1.0.100.202602081740/tools/bin/../lib/gcc/arm-none-eabi/14.3.1/thumb/v7e-m+fp/hard\libgcc.a(_udivmoddi4.o)
                0x080002b0                __udivmoddi4
 .text          0x080005a8        0x4 C:/ST/STM32CubeIDE_2.1.1/STM32CubeIDE/plugins/com.st.stm32cube.ide.mcu.externaltools.gnu-tools-for-stm32.14.3.rel1.win32_1.0.100.202602081740/tools/bin/../lib/gcc/arm-none-eabi/14.3.1/thumb/v7e-m+fp/hard\libgcc.a(_dvmd_tls.o)
                0x080005a8                __aeabi_idiv0
                0x080005a8                __aeabi_ldiv0
 *(.text*)
 .text.reg_read
                0x080005ac       0x50 ./Core/Src/drv_es8388.o
 .text.reg_write
                0x080005fc       0x44 ./Core/Src/drv_es8388.o
 .text.es8388_set_adc_dac_volume
                0x08000640       0x9e ./Core/Src/drv_es8388.o
 .text.es8388_set_voice_mute
                0x080006de       0x42 ./Core/Src/drv_es8388.o
                0x080006de                es8388_set_voice_mute
 .text.es8388_init
                0x08000720      0x124 ./Core/Src/drv_es8388.o
                0x08000720                es8388_init
 .text.es8388_start
                0x08000844       0xb2 ./Core/Src/drv_es8388.o
                0x08000844                es8388_start
 *fill*         0x080008f6        0x2 
 .text.es8388_volume_set
                0x080008f8       0x5c ./Core/Src/drv_es8388.o
                0x080008f8                es8388_volume_set
 .text.es8388_pa_power
                0x08000954       0x48 ./Core/Src/drv_es8388.o
                0x08000954                es8388_pa_power
 .text.LCD_WR_REG
                0x0800099c       0x20 ./Core/Src/drv_lcd.o
                0x0800099c                LCD_WR_REG
 .text.LCD_WR_DATA16
                0x080009bc       0x30 ./Core/Src/drv_lcd.o
                0x080009bc                LCD_WR_DATA16
 .text.LCD_WR_DATA8
                0x080009ec       0x20 ./Core/Src/drv_lcd.o
                0x080009ec                LCD_WR_DATA8
 .text.LCD_RD_DATA8
                0x08000a0c       0x18 ./Core/Src/drv_lcd.o
                0x08000a0c                LCD_RD_DATA8
 .text.LCD_WriteRAM_Prepare
                0x08000a24       0x20 ./Core/Src/drv_lcd.o
                0x08000a24                LCD_WriteRAM_Prepare
 .text.LCD_PWM_BackLightInit
                0x08000a44       0x18 ./Core/Src/drv_lcd.o
                0x08000a44                LCD_PWM_BackLightInit
 .text.LCD_BackLightSet
                0x08000a5c       0x40 ./Core/Src/drv_lcd.o
                0x08000a5c                LCD_BackLightSet
 .text.LCD_Display_Dir
                0x08000a9c       0x64 ./Core/Src/drv_lcd.o
                0x08000a9c                LCD_Display_Dir
 .text.lcd_write_half_word
                0x08000b00       0x1c ./Core/Src/drv_lcd.o
 .text.lcd_write_data_buffer
                0x08000b1c       0x46 ./Core/Src/drv_lcd.o
 *fill*         0x08000b62        0x2 
 .text.lcd_set_color
                0x08000b64       0x30 ./Core/Src/drv_lcd.o
                0x08000b64                lcd_set_color
 .text.lcd_address_set
                0x08000b94       0xa8 ./Core/Src/drv_lcd.o
                0x08000b94                lcd_address_set
 .text.lcd_clear
                0x08000c3c       0x64 ./Core/Src/drv_lcd.o
                0x08000c3c                lcd_clear
 .text.lcd_show_char
                0x08000ca0      0x52c ./Core/Src/drv_lcd.o
 .text.lcd_show_string
                0x080011cc       0xda ./Core/Src/drv_lcd.o
                0x080011cc                lcd_show_string
 *fill*         0x080012a6        0x2 
 .text.drv_lcd_init
                0x080012a8      0x314 ./Core/Src/drv_lcd.o
                0x080012a8                drv_lcd_init
 .text.vApplicationGetIdleTaskMemory
                0x080015bc       0x34 ./Core/Src/freertos.o
                0x080015bc                vApplicationGetIdleTaskMemory
 .text.vApplicationGetTimerTaskMemory
                0x080015f0       0x34 ./Core/Src/freertos.o
                0x080015f0                vApplicationGetTimerTaskMemory
 .text.Fill_Audio_Buffer
                0x08001624      0x114 ./Core/Src/main.o
                0x08001624                Fill_Audio_Buffer
 .text.HAL_I2S_TxHalfCpltCallback
                0x08001738       0x1a ./Core/Src/main.o
                0x08001738                HAL_I2S_TxHalfCpltCallback
 .text.HAL_I2S_TxCpltCallback
                0x08001752       0x1c ./Core/Src/main.o
                0x08001752                HAL_I2S_TxCpltCallback
 *fill*         0x0800176e        0x2 
 .text.main     0x08001770      0x15c ./Core/Src/main.o
                0x08001770                main
 .text.update_lcd_leds_thread
                0x080018cc      0x2a8 ./Core/Src/main.o
                0x080018cc                update_lcd_leds_thread
 .text.polling_buttons
                0x08001b74      0x188 ./Core/Src/main.o
                0x08001b74                polling_buttons
 .text.adjust_volume
                0x08001cfc       0x5c ./Core/Src/main.o
                0x08001cfc                adjust_volume
 .text.SystemClock_Config
                0x08001d58       0xd4 ./Core/Src/main.o
                0x08001d58                SystemClock_Config
 .text.MX_ADC1_Init
                0x08001e2c       0xa4 ./Core/Src/main.o
 .text.MX_I2C2_Init
                0x08001ed0       0x5c ./Core/Src/main.o
 .text.MX_I2S3_Init
                0x08001f2c       0x5c ./Core/Src/main.o
 .text.MX_TIM3_Init
                0x08001f88       0xb4 ./Core/Src/main.o
 .text.MX_USART1_UART_Init
                0x0800203c       0x54 ./Core/Src/main.o
 .text.MX_DMA_Init
                0x08002090       0x40 ./Core/Src/main.o
 .text.MX_GPIO_Init
                0x080020d0      0x1cc ./Core/Src/main.o
 .text.MX_FSMC_Init
                0x0800229c       0xc0 ./Core/Src/main.o
 .text.HAL_TIM_PeriodElapsedCallback
                0x0800235c       0x24 ./Core/Src/main.o
                0x0800235c                HAL_TIM_PeriodElapsedCallback
 .text.Error_Handler
                0x08002380        0xc ./Core/Src/main.o
                0x08002380                Error_Handler
 .text.HAL_MspInit
                0x0800238c       0x58 ./Core/Src/stm32f4xx_hal_msp.o
                0x0800238c                HAL_MspInit
 .text.HAL_ADC_MspInit
                0x080023e4       0x88 ./Core/Src/stm32f4xx_hal_msp.o
                0x080023e4                HAL_ADC_MspInit
 .text.HAL_I2C_MspInit
                0x0800246c       0x90 ./Core/Src/stm32f4xx_hal_msp.o
                0x0800246c                HAL_I2C_MspInit
 .text.HAL_I2S_MspInit
                0x080024fc      0x1a0 ./Core/Src/stm32f4xx_hal_msp.o
                0x080024fc                HAL_I2S_MspInit
 .text.HAL_TIM_PWM_MspInit
                0x0800269c       0x44 ./Core/Src/stm32f4xx_hal_msp.o
                0x0800269c                HAL_TIM_PWM_MspInit
 .text.HAL_TIM_MspPostInit
                0x080026e0       0x74 ./Core/Src/stm32f4xx_hal_msp.o
                0x080026e0                HAL_TIM_MspPostInit
 .text.HAL_UART_MspInit
                0x08002754       0x90 ./Core/Src/stm32f4xx_hal_msp.o
                0x08002754                HAL_UART_MspInit
 .text.HAL_FSMC_MspInit
                0x080027e4       0xbc ./Core/Src/stm32f4xx_hal_msp.o
 .text.HAL_SRAM_MspInit
                0x080028a0       0x14 ./Core/Src/stm32f4xx_hal_msp.o
                0x080028a0                HAL_SRAM_MspInit
 .text.HAL_InitTick
                0x080028b4       0xe4 ./Core/Src/stm32f4xx_hal_timebase_tim.o
                0x080028b4                HAL_InitTick
 .text.NMI_Handler
                0x08002998        0x8 ./Core/Src/stm32f4xx_it.o
                0x08002998                NMI_Handler
 .text.HardFault_Handler
                0x080029a0        0x8 ./Core/Src/stm32f4xx_it.o
                0x080029a0                HardFault_Handler
 .text.MemManage_Handler
                0x080029a8        0x8 ./Core/Src/stm32f4xx_it.o
                0x080029a8                MemManage_Handler
 .text.BusFault_Handler
                0x080029b0        0x8 ./Core/Src/stm32f4xx_it.o
                0x080029b0                BusFault_Handler
 .text.UsageFault_Handler
                0x080029b8        0x8 ./Core/Src/stm32f4xx_it.o
                0x080029b8                UsageFault_Handler
 .text.DebugMon_Handler
                0x080029c0        0xe ./Core/Src/stm32f4xx_it.o
                0x080029c0                DebugMon_Handler
 *fill*         0x080029ce        0x2 
 .text.DMA1_Stream5_IRQHandler
                0x080029d0       0x14 ./Core/Src/stm32f4xx_it.o
                0x080029d0                DMA1_Stream5_IRQHandler
 .text.TIM1_UP_TIM10_IRQHandler
                0x080029e4       0x14 ./Core/Src/stm32f4xx_it.o
                0x080029e4                TIM1_UP_TIM10_IRQHandler
 .text._sbrk    0x080029f8       0x6c ./Core/Src/sysmem.o
                0x080029f8                _sbrk
 .text.SystemInit
                0x08002a64       0x24 ./Core/Src/system_stm32f4xx.o
                0x08002a64                SystemInit
 .text.Reset_Handler
                0x08002a88       0x50 ./Core/Startup/startup_stm32f407zgtx.o
                0x08002a88                Reset_Handler
 .text.Default_Handler
                0x08002ad8        0x2 ./Core/Startup/startup_stm32f407zgtx.o
                0x08002ad8                RTC_Alarm_IRQHandler
                0x08002ad8                HASH_RNG_IRQHandler
                0x08002ad8                EXTI2_IRQHandler
                0x08002ad8                TIM8_CC_IRQHandler
                0x08002ad8                TIM1_CC_IRQHandler
                0x08002ad8                DMA2_Stream5_IRQHandler
                0x08002ad8                PVD_IRQHandler
                0x08002ad8                SDIO_IRQHandler
                0x08002ad8                TAMP_STAMP_IRQHandler
                0x08002ad8                CAN2_RX1_IRQHandler
                0x08002ad8                EXTI3_IRQHandler
                0x08002ad8                TIM8_TRG_COM_TIM14_IRQHandler
                0x08002ad8                TIM8_UP_TIM13_IRQHandler
                0x08002ad8                I2C3_ER_IRQHandler
                0x08002ad8                EXTI0_IRQHandler
                0x08002ad8                I2C2_EV_IRQHandler
                0x08002ad8                DMA1_Stream2_IRQHandler
                0x08002ad8                CAN1_RX0_IRQHandler
                0x08002ad8                FPU_IRQHandler
                0x08002ad8                OTG_HS_WKUP_IRQHandler
                0x08002ad8                CAN2_SCE_IRQHandler
                0x08002ad8                DMA2_Stream2_IRQHandler
                0x08002ad8                SPI1_IRQHandler
                0x08002ad8                TIM6_DAC_IRQHandler
                0x08002ad8                TIM1_BRK_TIM9_IRQHandler
                0x08002ad8                DCMI_IRQHandler
                0x08002ad8                CAN2_RX0_IRQHandler
                0x08002ad8                DMA2_Stream3_IRQHandler
                0x08002ad8                USART6_IRQHandler
                0x08002ad8                USART3_IRQHandler
                0x08002ad8                CAN1_RX1_IRQHandler
                0x08002ad8                UART5_IRQHandler
                0x08002ad8                DMA2_Stream0_IRQHandler
                0x08002ad8                TIM4_IRQHandler
                0x08002ad8                I2C1_EV_IRQHandler
                0x08002ad8                DMA1_Stream6_IRQHandler
                0x08002ad8                DMA1_Stream1_IRQHandler
                0x08002ad8                UART4_IRQHandler
                0x08002ad8                TIM3_IRQHandler
                0x08002ad8                RCC_IRQHandler
                0x08002ad8                TIM8_BRK_TIM12_IRQHandler
                0x08002ad8                Default_Handler
                0x08002ad8                EXTI15_10_IRQHandler
                0x08002ad8                ADC_IRQHandler
                0x08002ad8                DMA1_Stream7_IRQHandler
                0x08002ad8                TIM7_IRQHandler
                0x08002ad8                CAN2_TX_IRQHandler
                0x08002ad8                TIM5_IRQHandler
                0x08002ad8                DMA2_Stream7_IRQHandler
                0x08002ad8                I2C3_EV_IRQHandler
                0x08002ad8                EXTI9_5_IRQHandler
                0x08002ad8                RTC_WKUP_IRQHandler
                0x08002ad8                ETH_WKUP_IRQHandler
                0x08002ad8                SPI2_IRQHandler
                0x08002ad8                OTG_HS_EP1_IN_IRQHandler
                0x08002ad8                DMA1_Stream0_IRQHandler
                0x08002ad8                CAN1_TX_IRQHandler
                0x08002ad8                EXTI4_IRQHandler
                0x08002ad8                FSMC_IRQHandler
                0x08002ad8                ETH_IRQHandler
                0x08002ad8                OTG_HS_EP1_OUT_IRQHandler
                0x08002ad8                WWDG_IRQHandler
                0x08002ad8                TIM2_IRQHandler
                0x08002ad8                OTG_FS_WKUP_IRQHandler
                0x08002ad8                TIM1_TRG_COM_TIM11_IRQHandler
                0x08002ad8                OTG_HS_IRQHandler
                0x08002ad8                EXTI1_IRQHandler
                0x08002ad8                USART2_IRQHandler
                0x08002ad8                I2C2_ER_IRQHandler
                0x08002ad8                DMA2_Stream1_IRQHandler
                0x08002ad8                CAN1_SCE_IRQHandler
                0x08002ad8                FLASH_IRQHandler
                0x08002ad8                DMA2_Stream4_IRQHandler
                0x08002ad8                USART1_IRQHandler
                0x08002ad8                OTG_FS_IRQHandler
                0x08002ad8                SPI3_IRQHandler
                0x08002ad8                DMA1_Stream4_IRQHandler
                0x08002ad8                I2C1_ER_IRQHandler
                0x08002ad8                DMA2_Stream6_IRQHandler
                0x08002ad8                DMA1_Stream3_IRQHandler
 *fill*         0x08002ada        0x2 
 .text.HAL_Init
                0x08002adc       0x44 ./Drivers/STM32F4xx_HAL_Driver/Src/stm32f4xx_hal.o
                0x08002adc                HAL_Init
 .text.HAL_IncTick
                0x08002b20       0x28 ./Drivers/STM32F4xx_HAL_Driver/Src/stm32f4xx_hal.o
                0x08002b20                HAL_IncTick
 .text.HAL_GetTick
                0x08002b48       0x18 ./Drivers/STM32F4xx_HAL_Driver/Src/stm32f4xx_hal.o
                0x08002b48                HAL_GetTick
 .text.HAL_Delay
                0x08002b60       0x48 ./Drivers/STM32F4xx_HAL_Driver/Src/stm32f4xx_hal.o
                0x08002b60                HAL_Delay
 .text.HAL_ADC_Init
                0x08002ba8       0x86 ./Drivers/STM32F4xx_HAL_Driver/Src/stm32f4xx_hal_adc.o
                0x08002ba8                HAL_ADC_Init
 *fill*         0x08002c2e        0x2 
 .text.HAL_ADC_Start
                0x08002c30      0x1a4 ./Drivers/STM32F4xx_HAL_Driver/Src/stm32f4xx_hal_adc.o
                0x08002c30                HAL_ADC_Start
 .text.HAL_ADC_Stop
                0x08002dd4       0x66 ./Drivers/STM32F4xx_HAL_Driver/Src/stm32f4xx_hal_adc.o
                0x08002dd4                HAL_ADC_Stop
 .text.HAL_ADC_PollForConversion
                0x08002e3a      0x116 ./Drivers/STM32F4xx_HAL_Driver/Src/stm32f4xx_hal_adc.o
                0x08002e3a                HAL_ADC_PollForConversion
 .text.HAL_ADC_GetValue
                0x08002f50       0x1a ./Drivers/STM32F4xx_HAL_Driver/Src/stm32f4xx_hal_adc.o
                0x08002f50                HAL_ADC_GetValue
 *fill*         0x08002f6a        0x2 
 .text.HAL_ADC_ConfigChannel
                0x08002f6c      0x244 ./Drivers/STM32F4xx_HAL_Driver/Src/stm32f4xx_hal_adc.o
                0x08002f6c                HAL_ADC_ConfigChannel
 .text.ADC_Init
                0x080031b0      0x1f8 ./Drivers/STM32F4xx_HAL_Driver/Src/stm32f4xx_hal_adc.o
 .text.__NVIC_SetPriorityGrouping
                0x080033a8       0x48 ./Drivers/STM32F4xx_HAL_Driver/Src/stm32f4xx_hal_cortex.o
 .text.__NVIC_GetPriorityGrouping
                0x080033f0       0x1c ./Drivers/STM32F4xx_HAL_Driver/Src/stm32f4xx_hal_cortex.o
 .text.__NVIC_EnableIRQ
                0x0800340c       0x3c ./Drivers/STM32F4xx_HAL_Driver/Src/stm32f4xx_hal_cortex.o
 .text.__NVIC_SetPriority
                0x08003448       0x54 ./Drivers/STM32F4xx_HAL_Driver/Src/stm32f4xx_hal_cortex.o
 .text.NVIC_EncodePriority
                0x0800349c       0x66 ./Drivers/STM32F4xx_HAL_Driver/Src/stm32f4xx_hal_cortex.o
 .text.HAL_NVIC_SetPriorityGrouping
                0x08003502       0x16 ./Drivers/STM32F4xx_HAL_Driver/Src/stm32f4xx_hal_cortex.o
                0x08003502                HAL_NVIC_SetPriorityGrouping
 .text.HAL_NVIC_SetPriority
                0x08003518       0x38 ./Drivers/STM32F4xx_HAL_Driver/Src/stm32f4xx_hal_cortex.o
                0x08003518                HAL_NVIC_SetPriority
 .text.HAL_NVIC_EnableIRQ
                0x08003550       0x1c ./Drivers/STM32F4xx_HAL_Driver/Src/stm32f4xx_hal_cortex.o
                0x08003550                HAL_NVIC_EnableIRQ
 .text.HAL_DMA_Init
                0x0800356c      0x15c ./Drivers/STM32F4xx_HAL_Driver/Src/stm32f4xx_hal_dma.o
                0x0800356c                HAL_DMA_Init
 .text.HAL_DMA_Start_IT
                0x080036c8       0xb0 ./Drivers/STM32F4xx_HAL_Driver/Src/stm32f4xx_hal_dma.o
                0x080036c8                HAL_DMA_Start_IT
 .text.HAL_DMA_IRQHandler
                0x08003778      0x314 ./Drivers/STM32F4xx_HAL_Driver/Src/stm32f4xx_hal_dma.o
                0x08003778                HAL_DMA_IRQHandler
 .text.DMA_SetConfig
                0x08003a8c       0x5c ./Drivers/STM32F4xx_HAL_Driver/Src/stm32f4xx_hal_dma.o
 .text.DMA_CalcBaseAndBitshift
                0x08003ae8       0x6c ./Drivers/STM32F4xx_HAL_Driver/Src/stm32f4xx_hal_dma.o
 .text.DMA_CheckFifoParam
                0x08003b54       0xf8 ./Drivers/STM32F4xx_HAL_Driver/Src/stm32f4xx_hal_dma.o
 .text.HAL_GPIO_Init
                0x08003c4c      0x338 ./Drivers/STM32F4xx_HAL_Driver/Src/stm32f4xx_hal_gpio.o
                0x08003c4c                HAL_GPIO_Init
 .text.HAL_GPIO_ReadPin
                0x08003f84       0x30 ./Drivers/STM32F4xx_HAL_Driver/Src/stm32f4xx_hal_gpio.o
                0x08003f84                HAL_GPIO_ReadPin
 .text.HAL_GPIO_WritePin
                0x08003fb4       0x32 ./Drivers/STM32F4xx_HAL_Driver/Src/stm32f4xx_hal_gpio.o
                0x08003fb4                HAL_GPIO_WritePin
 *fill*         0x08003fe6        0x2 
 .text.HAL_I2C_Init
                0x08003fe8      0x288 ./Drivers/STM32F4xx_HAL_Driver/Src/stm32f4xx_hal_i2c.o
                0x08003fe8                HAL_I2C_Init
 .text.HAL_I2C_Mem_Write
                0x08004270      0x1f4 ./Drivers/STM32F4xx_HAL_Driver/Src/stm32f4xx_hal_i2c.o
                0x08004270                HAL_I2C_Mem_Write
 .text.HAL_I2C_Mem_Read
                0x08004464      0x464 ./Drivers/STM32F4xx_HAL_Driver/Src/stm32f4xx_hal_i2c.o
                0x08004464                HAL_I2C_Mem_Read
 .text.HAL_I2C_IsDeviceReady
                0x080048c8      0x25c ./Drivers/STM32F4xx_HAL_Driver/Src/stm32f4xx_hal_i2c.o
                0x080048c8                HAL_I2C_IsDeviceReady
 .text.I2C_RequestMemoryWrite
                0x08004b24      0x12c ./Drivers/STM32F4xx_HAL_Driver/Src/stm32f4xx_hal_i2c.o
 .text.I2C_RequestMemoryRead
                0x08004c50      0x1d0 ./Drivers/STM32F4xx_HAL_Driver/Src/stm32f4xx_hal_i2c.o
 .text.I2C_WaitOnFlagUntilTimeout
                0x08004e20       0xf4 ./Drivers/STM32F4xx_HAL_Driver/Src/stm32f4xx_hal_i2c.o
 .text.I2C_WaitOnMasterAddressFlagUntilTimeout
                0x08004f14      0x140 ./Drivers/STM32F4xx_HAL_Driver/Src/stm32f4xx_hal_i2c.o
 .text.I2C_WaitOnTXEFlagUntilTimeout
                0x08005054       0x90 ./Drivers/STM32F4xx_HAL_Driver/Src/stm32f4xx_hal_i2c.o
 .text.I2C_WaitOnBTFFlagUntilTimeout
                0x080050e4       0x90 ./Drivers/STM32F4xx_HAL_Driver/Src/stm32f4xx_hal_i2c.o
 .text.I2C_WaitOnRXNEFlagUntilTimeout
                0x08005174       0xba ./Drivers/STM32F4xx_HAL_Driver/Src/stm32f4xx_hal_i2c.o
 .text.I2C_IsAcknowledgeFailed
                0x0800522e       0x5e ./Drivers/STM32F4xx_HAL_Driver/Src/stm32f4xx_hal_i2c.o
 .text.HAL_I2S_Init
                0x0800528c      0x280 ./Drivers/STM32F4xx_HAL_Driver/Src/stm32f4xx_hal_i2s.o
                0x0800528c                HAL_I2S_Init
 .text.HAL_I2S_Transmit_DMA
                0x0800550c      0x148 ./Drivers/STM32F4xx_HAL_Driver/Src/stm32f4xx_hal_i2s.o
                0x0800550c                HAL_I2S_Transmit_DMA
 .text.HAL_I2S_RxCpltCallback
                0x08005654       0x14 ./Drivers/STM32F4xx_HAL_Driver/Src/stm32f4xx_hal_i2s.o
                0x08005654                HAL_I2S_RxCpltCallback
 .text.HAL_I2S_ErrorCallback
                0x08005668       0x14 ./Drivers/STM32F4xx_HAL_Driver/Src/stm32f4xx_hal_i2s.o
                0x08005668                HAL_I2S_ErrorCallback
 .text.I2S_DMATxCplt
                0x0800567c       0x42 ./Drivers/STM32F4xx_HAL_Driver/Src/stm32f4xx_hal_i2s.o
 .text.I2S_DMATxHalfCplt
                0x080056be       0x1c ./Drivers/STM32F4xx_HAL_Driver/Src/stm32f4xx_hal_i2s.o
 .text.I2S_DMAError
                0x080056da       0x4c ./Drivers/STM32F4xx_HAL_Driver/Src/stm32f4xx_hal_i2s.o
 .text.I2S_Transmit_IT
                0x08005726       0x5c ./Drivers/STM32F4xx_HAL_Driver/Src/stm32f4xx_hal_i2s.o
 .text.I2S_Receive_IT
                0x08005782       0x5e ./Drivers/STM32F4xx_HAL_Driver/Src/stm32f4xx_hal_i2s.o
 .text.I2S_IRQHandler
                0x080057e0      0x114 ./Drivers/STM32F4xx_HAL_Driver/Src/stm32f4xx_hal_i2s.o
 .text.HAL_I2SEx_FullDuplex_IRQHandler
                0x080058f4      0x2a8 ./Drivers/STM32F4xx_HAL_Driver/Src/stm32f4xx_hal_i2s_ex.o
                0x080058f4                HAL_I2SEx_FullDuplex_IRQHandler
 .text.HAL_I2SEx_TxRxCpltCallback
                0x08005b9c       0x14 ./Drivers/STM32F4xx_HAL_Driver/Src/stm32f4xx_hal_i2s_ex.o
                0x08005b9c                HAL_I2SEx_TxRxCpltCallback
 .text.I2SEx_TxISR_I2S
                0x08005bb0       0x62 ./Drivers/STM32F4xx_HAL_Driver/Src/stm32f4xx_hal_i2s_ex.o
 *fill*         0x08005c12        0x2 
 .text.I2SEx_TxISR_I2SExt
                0x08005c14       0x98 ./Drivers/STM32F4xx_HAL_Driver/Src/stm32f4xx_hal_i2s_ex.o
 .text.I2SEx_RxISR_I2S
                0x08005cac       0x64 ./Drivers/STM32F4xx_HAL_Driver/Src/stm32f4xx_hal_i2s_ex.o
 .text.I2SEx_RxISR_I2SExt
                0x08005d10       0x98 ./Drivers/STM32F4xx_HAL_Driver/Src/stm32f4xx_hal_i2s_ex.o
 .text.HAL_PWR_EnterSLEEPMode
                0x08005da8       0x40 ./Drivers/STM32F4xx_HAL_Driver/Src/stm32f4xx_hal_pwr.o
                0x08005da8                HAL_PWR_EnterSLEEPMode
 .text.HAL_RCC_OscConfig
                0x08005de8      0x4f0 ./Drivers/STM32F4xx_HAL_Driver/Src/stm32f4xx_hal_rcc.o
                0x08005de8                HAL_RCC_OscConfig
 .text.HAL_RCC_ClockConfig
                0x080062d8      0x1cc ./Drivers/STM32F4xx_HAL_Driver/Src/stm32f4xx_hal_rcc.o
                0x080062d8                HAL_RCC_ClockConfig
 .text.HAL_RCC_GetSysClockFreq
                0x080064a4      0x188 ./Drivers/STM32F4xx_HAL_Driver/Src/stm32f4xx_hal_rcc.o
                0x080064a4                HAL_RCC_GetSysClockFreq
 .text.HAL_RCC_GetHCLKFreq
                0x0800662c       0x18 ./Drivers/STM32F4xx_HAL_Driver/Src/stm32f4xx_hal_rcc.o
                0x0800662c                HAL_RCC_GetHCLKFreq
 .text.HAL_RCC_GetPCLK1Freq
                0x08006644       0x28 ./Drivers/STM32F4xx_HAL_Driver/Src/stm32f4xx_hal_rcc.o
                0x08006644                HAL_RCC_GetPCLK1Freq
 .text.HAL_RCC_GetPCLK2Freq
                0x0800666c       0x28 ./Drivers/STM32F4xx_HAL_Driver/Src/stm32f4xx_hal_rcc.o
                0x0800666c                HAL_RCC_GetPCLK2Freq
 .text.HAL_RCC_GetClockConfig
                0x08006694       0x64 ./Drivers/STM32F4xx_HAL_Driver/Src/stm32f4xx_hal_rcc.o
                0x08006694                HAL_RCC_GetClockConfig
 .text.HAL_RCCEx_PeriphCLKConfig
                0x080066f8      0x1c4 ./Drivers/STM32F4xx_HAL_Driver/Src/stm32f4xx_hal_rcc_ex.o
                0x080066f8                HAL_RCCEx_PeriphCLKConfig
 .text.HAL_RCCEx_GetPeriphCLKFreq
                0x080068bc       0xc0 ./Drivers/STM32F4xx_HAL_Driver/Src/stm32f4xx_hal_rcc_ex.o
                0x080068bc                HAL_RCCEx_GetPeriphCLKFreq
 .text.HAL_SRAM_Init
                0x0800697c       0x90 ./Drivers/STM32F4xx_HAL_Driver/Src/stm32f4xx_hal_sram.o
                0x0800697c                HAL_SRAM_Init
 .text.HAL_TIM_Base_Init
                0x08006a0c       0x9e ./Drivers/STM32F4xx_HAL_Driver/Src/stm32f4xx_hal_tim.o
                0x08006a0c                HAL_TIM_Base_Init
 .text.HAL_TIM_Base_MspInit
                0x08006aaa       0x14 ./Drivers/STM32F4xx_HAL_Driver/Src/stm32f4xx_hal_tim.o
                0x08006aaa                HAL_TIM_Base_MspInit
 *fill*         0x08006abe        0x2 
 .text.HAL_TIM_Base_Start_IT
                0x08006ac0       0xe0 ./Drivers/STM32F4xx_HAL_Driver/Src/stm32f4xx_hal_tim.o
                0x08006ac0                HAL_TIM_Base_Start_IT
 .text.HAL_TIM_PWM_Init
                0x08006ba0       0x9e ./Drivers/STM32F4xx_HAL_Driver/Src/stm32f4xx_hal_tim.o
                0x08006ba0                HAL_TIM_PWM_Init
 .text.HAL_TIM_IRQHandler
                0x08006c3e      0x1e0 ./Drivers/STM32F4xx_HAL_Driver/Src/stm32f4xx_hal_tim.o
                0x08006c3e                HAL_TIM_IRQHandler
 *fill*         0x08006e1e        0x2 
 .text.HAL_TIM_PWM_ConfigChannel
                0x08006e20      0x184 ./Drivers/STM32F4xx_HAL_Driver/Src/stm32f4xx_hal_tim.o
                0x08006e20                HAL_TIM_PWM_ConfigChannel
 .text.HAL_TIM_OC_DelayElapsedCallback
                0x08006fa4       0x14 ./Drivers/STM32F4xx_HAL_Driver/Src/stm32f4xx_hal_tim.o
                0x08006fa4                HAL_TIM_OC_DelayElapsedCallback
 .text.HAL_TIM_IC_CaptureCallback
                0x08006fb8       0x14 ./Drivers/STM32F4xx_HAL_Driver/Src/stm32f4xx_hal_tim.o
                0x08006fb8                HAL_TIM_IC_CaptureCallback
 .text.HAL_TIM_PWM_PulseFinishedCallback
                0x08006fcc       0x14 ./Drivers/STM32F4xx_HAL_Driver/Src/stm32f4xx_hal_tim.o
                0x08006fcc                HAL_TIM_PWM_PulseFinishedCallback
 .text.HAL_TIM_TriggerCallback
                0x08006fe0       0x14 ./Drivers/STM32F4xx_HAL_Driver/Src/stm32f4xx_hal_tim.o
                0x08006fe0                HAL_TIM_TriggerCallback
 .text.TIM_Base_SetConfig
                0x08006ff4      0x14c ./Drivers/STM32F4xx_HAL_Driver/Src/stm32f4xx_hal_tim.o
                0x08006ff4                TIM_Base_SetConfig
 .text.TIM_OC1_SetConfig
                0x08007140       0xe0 ./Drivers/STM32F4xx_HAL_Driver/Src/stm32f4xx_hal_tim.o
 .text.TIM_OC2_SetConfig
                0x08007220       0xec ./Drivers/STM32F4xx_HAL_Driver/Src/stm32f4xx_hal_tim.o
                0x08007220                TIM_OC2_SetConfig
 .text.TIM_OC3_SetConfig
                0x0800730c       0xe8 ./Drivers/STM32F4xx_HAL_Driver/Src/stm32f4xx_hal_tim.o
 .text.TIM_OC4_SetConfig
                0x080073f4       0xac ./Drivers/STM32F4xx_HAL_Driver/Src/stm32f4xx_hal_tim.o
 .text.HAL_TIMEx_MasterConfigSynchronization
                0x080074a0       0xf8 ./Drivers/STM32F4xx_HAL_Driver/Src/stm32f4xx_hal_tim_ex.o
                0x080074a0                HAL_TIMEx_MasterConfigSynchronization
 .text.HAL_TIMEx_CommutCallback
                0x08007598       0x14 ./Drivers/STM32F4xx_HAL_Driver/Src/stm32f4xx_hal_tim_ex.o
                0x08007598                HAL_TIMEx_CommutCallback
 .text.HAL_TIMEx_BreakCallback
                0x080075ac       0x14 ./Drivers/STM32F4xx_HAL_Driver/Src/stm32f4xx_hal_tim_ex.o
                0x080075ac                HAL_TIMEx_BreakCallback
 .text.HAL_UART_Init
                0x080075c0       0xa0 ./Drivers/STM32F4xx_HAL_Driver/Src/stm32f4xx_hal_uart.o
                0x080075c0                HAL_UART_Init
 .text.HAL_UART_Transmit
                0x08007660      0x116 ./Drivers/STM32F4xx_HAL_Driver/Src/stm32f4xx_hal_uart.o
                0x08007660                HAL_UART_Transmit
 .text.UART_WaitOnFlagUntilTimeout
                0x08007776       0xb2 ./Drivers/STM32F4xx_HAL_Driver/Src/stm32f4xx_hal_uart.o
 .text.UART_EndRxTransfer
                0x08007828       0xc6 ./Drivers/STM32F4xx_HAL_Driver/Src/stm32f4xx_hal_uart.o
 *fill*         0x080078ee        0x2 
 .text.UART_SetConfig
                0x080078f0      0x4e8 ./Drivers/STM32F4xx_HAL_Driver/Src/stm32f4xx_hal_uart.o
 .text.FSMC_NORSRAM_Init
                0x08007dd8       0xd4 ./Drivers/STM32F4xx_HAL_Driver/Src/stm32f4xx_ll_fsmc.o
                0x08007dd8                FSMC_NORSRAM_Init
 .text.FSMC_NORSRAM_Timing_Init
                0x08007eac       0x5c ./Drivers/STM32F4xx_HAL_Driver/Src/stm32f4xx_ll_fsmc.o
                0x08007eac                FSMC_NORSRAM_Timing_Init
 .text.FSMC_NORSRAM_Extended_Timing_Init
                0x08007f08       0x70 ./Drivers/STM32F4xx_HAL_Driver/Src/stm32f4xx_ll_fsmc.o
                0x08007f08                FSMC_NORSRAM_Extended_Timing_Init
 .text.makeFreeRtosPriority
                0x08007f78       0x30 ./Middlewares/Third_Party/FreeRTOS/Source/CMSIS_RTOS/cmsis_os.o
 .text.inHandlerMode
                0x08007fa8       0x24 ./Middlewares/Third_Party/FreeRTOS/Source/CMSIS_RTOS/cmsis_os.o
 .text.osKernelStart
                0x08007fcc        0xe ./Middlewares/Third_Party/FreeRTOS/Source/CMSIS_RTOS/cmsis_os.o
                0x08007fcc                osKernelStart
 .text.osKernelSysTick
                0x08007fda       0x20 ./Middlewares/Third_Party/FreeRTOS/Source/CMSIS_RTOS/cmsis_os.o
                0x08007fda                osKernelSysTick
 .text.osThreadCreate
                0x08007ffa       0x98 ./Middlewares/Third_Party/FreeRTOS/Source/CMSIS_RTOS/cmsis_os.o
                0x08007ffa                osThreadCreate
 .text.osDelay  0x08008092       0x28 ./Middlewares/Third_Party/FreeRTOS/Source/CMSIS_RTOS/cmsis_os.o
                0x08008092                osDelay
 .text.osMutexCreate
                0x080080ba       0x30 ./Middlewares/Third_Party/FreeRTOS/Source/CMSIS_RTOS/cmsis_os.o
                0x080080ba                osMutexCreate
 *fill*         0x080080ea        0x2 
 .text.osMutexWait
                0x080080ec       0x9c ./Middlewares/Third_Party/FreeRTOS/Source/CMSIS_RTOS/cmsis_os.o
                0x080080ec                osMutexWait
 .text.osMutexRelease
                0x08008188       0x6c ./Middlewares/Third_Party/FreeRTOS/Source/CMSIS_RTOS/cmsis_os.o
                0x08008188                osMutexRelease
 .text.vListInitialise
                0x080081f4       0x40 ./Middlewares/Third_Party/FreeRTOS/Source/list.o
                0x080081f4                vListInitialise
 .text.vListInitialiseItem
                0x08008234       0x1a ./Middlewares/Third_Party/FreeRTOS/Source/list.o
                0x08008234                vListInitialiseItem
 .text.vListInsertEnd
                0x0800824e       0x48 ./Middlewares/Third_Party/FreeRTOS/Source/list.o
                0x0800824e                vListInsertEnd
 .text.vListInsert
                0x08008296       0x72 ./Middlewares/Third_Party/FreeRTOS/Source/list.o
                0x08008296                vListInsert
 .text.uxListRemove
                0x08008308       0x54 ./Middlewares/Third_Party/FreeRTOS/Source/list.o
                0x08008308                uxListRemove
 .text.xQueueGenericReset
                0x0800835c       0xd4 ./Middlewares/Third_Party/FreeRTOS/Source/queue.o
                0x0800835c                xQueueGenericReset
 .text.xQueueGenericCreateStatic
                0x08008430       0xfa ./Middlewares/Third_Party/FreeRTOS/Source/queue.o
                0x08008430                xQueueGenericCreateStatic
 .text.xQueueGenericCreate
                0x0800852a       0x76 ./Middlewares/Third_Party/FreeRTOS/Source/queue.o
                0x0800852a                xQueueGenericCreate
 .text.prvInitialiseNewQueue
                0x080085a0       0x3e ./Middlewares/Third_Party/FreeRTOS/Source/queue.o
 .text.prvInitialiseMutex
                0x080085de       0x34 ./Middlewares/Third_Party/FreeRTOS/Source/queue.o
 .text.xQueueCreateMutex
                0x08008612       0x30 ./Middlewares/Third_Party/FreeRTOS/Source/queue.o
                0x08008612                xQueueCreateMutex
 .text.xQueueCreateMutexStatic
                0x08008642       0x36 ./Middlewares/Third_Party/FreeRTOS/Source/queue.o
                0x08008642                xQueueCreateMutexStatic
 .text.xQueueGenericSend
                0x08008678      0x204 ./Middlewares/Third_Party/FreeRTOS/Source/queue.o
                0x08008678                xQueueGenericSend
 .text.xQueueGenericSendFromISR
                0x0800887c      0x13c ./Middlewares/Third_Party/FreeRTOS/Source/queue.o
                0x0800887c                xQueueGenericSendFromISR
 .text.xQueueGiveFromISR
                0x080089b8      0x120 ./Middlewares/Third_Party/FreeRTOS/Source/queue.o
                0x080089b8                xQueueGiveFromISR
 .text.xQueueReceive
                0x08008ad8      0x1c4 ./Middlewares/Third_Party/FreeRTOS/Source/queue.o
                0x08008ad8                xQueueReceive
 .text.xQueueSemaphoreTake
                0x08008c9c      0x220 ./Middlewares/Third_Party/FreeRTOS/Source/queue.o
                0x08008c9c                xQueueSemaphoreTake
 .text.xQueueReceiveFromISR
                0x08008ebc      0x104 ./Middlewares/Third_Party/FreeRTOS/Source/queue.o
                0x08008ebc                xQueueReceiveFromISR
 .text.prvGetDisinheritPriorityAfterTimeout
                0x08008fc0       0x30 ./Middlewares/Third_Party/FreeRTOS/Source/queue.o
 .text.prvCopyDataToQueue
                0x08008ff0       0xd4 ./Middlewares/Third_Party/FreeRTOS/Source/queue.o
 .text.prvCopyDataFromQueue
                0x080090c4       0x4c ./Middlewares/Third_Party/FreeRTOS/Source/queue.o
 .text.prvUnlockQueue
                0x08009110       0xa4 ./Middlewares/Third_Party/FreeRTOS/Source/queue.o
 .text.prvIsQueueEmpty
                0x080091b4       0x2c ./Middlewares/Third_Party/FreeRTOS/Source/queue.o
 .text.prvIsQueueFull
                0x080091e0       0x30 ./Middlewares/Third_Party/FreeRTOS/Source/queue.o
 .text.vQueueAddToRegistry
                0x08009210       0x54 ./Middlewares/Third_Party/FreeRTOS/Source/queue.o
                0x08009210                vQueueAddToRegistry
 .text.vQueueWaitForMessageRestricted
                0x08009264       0x68 ./Middlewares/Third_Party/FreeRTOS/Source/queue.o
                0x08009264                vQueueWaitForMessageRestricted
 .text.xTaskCreateStatic
                0x080092cc       0xc0 ./Middlewares/Third_Party/FreeRTOS/Source/tasks.o
                0x080092cc                xTaskCreateStatic
 .text.xTaskCreate
                0x0800938c       0x8a ./Middlewares/Third_Party/FreeRTOS/Source/tasks.o
                0x0800938c                xTaskCreate
 *fill*         0x08009416        0x2 
 .text.prvInitialiseNewTask
                0x08009418      0x140 ./Middlewares/Third_Party/FreeRTOS/Source/tasks.o
 .text.prvAddNewTaskToReadyList
                0x08009558       0xd4 ./Middlewares/Third_Party/FreeRTOS/Source/tasks.o
 .text.vTaskDelay
                0x0800962c       0x6c ./Middlewares/Third_Party/FreeRTOS/Source/tasks.o
                0x0800962c                vTaskDelay
 .text.vTaskStartScheduler
                0x08009698       0xe0 ./Middlewares/Third_Party/FreeRTOS/Source/tasks.o
                0x08009698                vTaskStartScheduler
 .text.vTaskSuspendAll
                0x08009778       0x1c ./Middlewares/Third_Party/FreeRTOS/Source/tasks.o
                0x08009778                vTaskSuspendAll
 .text.xTaskResumeAll
                0x08009794      0x13c ./Middlewares/Third_Party/FreeRTOS/Source/tasks.o
                0x08009794                xTaskResumeAll
 .text.xTaskGetTickCount
                0x080098d0       0x20 ./Middlewares/Third_Party/FreeRTOS/Source/tasks.o
                0x080098d0                xTaskGetTickCount
 .text.xTaskGetTickCountFromISR
                0x080098f0       0x24 ./Middlewares/Third_Party/FreeRTOS/Source/tasks.o
                0x080098f0                xTaskGetTickCountFromISR
 .text.xTaskIncrementTick
                0x08009914      0x174 ./Middlewares/Third_Party/FreeRTOS/Source/tasks.o
                0x08009914                xTaskIncrementTick
 .text.vTaskSwitchContext
                0x08009a88       0xc8 ./Middlewares/Third_Party/FreeRTOS/Source/tasks.o
                0x08009a88                vTaskSwitchContext
 .text.vTaskPlaceOnEventList
                0x08009b50       0x4c ./Middlewares/Third_Party/FreeRTOS/Source/tasks.o
                0x08009b50                vTaskPlaceOnEventList
 .text.vTaskPlaceOnEventListRestricted
                0x08009b9c       0x58 ./Middlewares/Third_Party/FreeRTOS/Source/tasks.o
                0x08009b9c                vTaskPlaceOnEventListRestricted
 .text.xTaskRemoveFromEventList
                0x08009bf4       0xc8 ./Middlewares/Third_Party/FreeRTOS/Source/tasks.o
                0x08009bf4                xTaskRemoveFromEventList
 .text.vTaskInternalSetTimeOutState
                0x08009cbc       0x2c ./Middlewares/Third_Party/FreeRTOS/Source/tasks.o
                0x08009cbc                vTaskInternalSetTimeOutState
 .text.xTaskCheckForTimeOut
                0x08009ce8       0xc8 ./Middlewares/Third_Party/FreeRTOS/Source/tasks.o
                0x08009ce8                xTaskCheckForTimeOut
 .text.vTaskMissedYield
                0x08009db0       0x18 ./Middlewares/Third_Party/FreeRTOS/Source/tasks.o
                0x08009db0                vTaskMissedYield
 .text.prvIdleTask
                0x08009dc8       0x30 ./Middlewares/Third_Party/FreeRTOS/Source/tasks.o
 .text.prvInitialiseTaskLists
                0x08009df8       0x80 ./Middlewares/Third_Party/FreeRTOS/Source/tasks.o
 .text.prvCheckTasksWaitingTermination
                0x08009e78       0x5c ./Middlewares/Third_Party/FreeRTOS/Source/tasks.o
 .text.prvDeleteTCB
                0x08009ed4       0x6a ./Middlewares/Third_Party/FreeRTOS/Source/tasks.o
 *fill*         0x08009f3e        0x2 
 .text.prvResetNextTaskUnblockTime
                0x08009f40       0x40 ./Middlewares/Third_Party/FreeRTOS/Source/tasks.o
 .text.xTaskGetSchedulerState
                0x08009f80       0x3c ./Middlewares/Third_Party/FreeRTOS/Source/tasks.o
                0x08009f80                xTaskGetSchedulerState
 .text.xTaskPriorityInherit
                0x08009fbc       0xec ./Middlewares/Third_Party/FreeRTOS/Source/tasks.o
                0x08009fbc                xTaskPriorityInherit
 .text.xTaskPriorityDisinherit
                0x0800a0a8      0x110 ./Middlewares/Third_Party/FreeRTOS/Source/tasks.o
                0x0800a0a8                xTaskPriorityDisinherit
 .text.vTaskPriorityDisinheritAfterTimeout
                0x0800a1b8      0x120 ./Middlewares/Third_Party/FreeRTOS/Source/tasks.o
                0x0800a1b8                vTaskPriorityDisinheritAfterTimeout
 .text.pvTaskIncrementMutexHeldCount
                0x0800a2d8       0x28 ./Middlewares/Third_Party/FreeRTOS/Source/tasks.o
                0x0800a2d8                pvTaskIncrementMutexHeldCount
 .text.prvAddCurrentTaskToDelayedList
                0x0800a300       0xcc ./Middlewares/Third_Party/FreeRTOS/Source/tasks.o
 .text.xTimerCreateTimerTask
                0x0800a3cc       0x94 ./Middlewares/Third_Party/FreeRTOS/Source/timers.o
                0x0800a3cc                xTimerCreateTimerTask
 .text.xTimerGenericCommand
                0x0800a460       0x9c ./Middlewares/Third_Party/FreeRTOS/Source/timers.o
                0x0800a460                xTimerGenericCommand
 .text.prvProcessExpiredTimer
                0x0800a4fc       0x9c ./Middlewares/Third_Party/FreeRTOS/Source/timers.o
 .text.prvTimerTask
                0x0800a598       0x26 ./Middlewares/Third_Party/FreeRTOS/Source/timers.o
 *fill*         0x0800a5be        0x2 
 .text.prvProcessTimerOrBlockTask
                0x0800a5c0       0x9c ./Middlewares/Third_Party/FreeRTOS/Source/timers.o
 .text.prvGetNextExpireTime
                0x0800a65c       0x48 ./Middlewares/Third_Party/FreeRTOS/Source/timers.o
 .text.prvSampleTimeNow
                0x0800a6a4       0x40 ./Middlewares/Third_Party/FreeRTOS/Source/timers.o
 .text.prvInsertTimerInActiveList
                0x0800a6e4       0x84 ./Middlewares/Third_Party/FreeRTOS/Source/timers.o
 .text.prvProcessReceivedCommands
                0x0800a768      0x194 ./Middlewares/Third_Party/FreeRTOS/Source/timers.o
 .text.prvSwitchTimerLists
                0x0800a8fc       0xcc ./Middlewares/Third_Party/FreeRTOS/Source/timers.o
 .text.prvCheckForValidListAndQueue
                0x0800a9c8       0x80 ./Middlewares/Third_Party/FreeRTOS/Source/timers.o
 .text.pxPortInitialiseStack
                0x0800aa48       0x68 ./Middlewares/Third_Party/FreeRTOS/Source/portable/GCC/ARM_CM4F/port.o
                0x0800aa48                pxPortInitialiseStack
 .text.prvTaskExitError
                0x0800aab0       0x5c ./Middlewares/Third_Party/FreeRTOS/Source/portable/GCC/ARM_CM4F/port.o
 *fill*         0x0800ab0c        0x4 
 .text.SVC_Handler
                0x0800ab10       0x28 ./Middlewares/Third_Party/FreeRTOS/Source/portable/GCC/ARM_CM4F/port.o
                0x0800ab10                SVC_Handler
 .text.prvPortStartFirstTask
                0x0800ab38       0x28 ./Middlewares/Third_Party/FreeRTOS/Source/portable/GCC/ARM_CM4F/port.o
 .text.xPortStartScheduler
                0x0800ab60      0x148 ./Middlewares/Third_Party/FreeRTOS/Source/portable/GCC/ARM_CM4F/port.o
                0x0800ab60                xPortStartScheduler
 .text.vPortEnterCritical
                0x0800aca8       0x64 ./Middlewares/Third_Party/FreeRTOS/Source/portable/GCC/ARM_CM4F/port.o
                0x0800aca8                vPortEnterCritical
 .text.vPortExitCritical
                0x0800ad0c       0x54 ./Middlewares/Third_Party/FreeRTOS/Source/portable/GCC/ARM_CM4F/port.o
                0x0800ad0c                vPortExitCritical
 .text.PendSV_Handler
                0x0800ad60       0x68 ./Middlewares/Third_Party/FreeRTOS/Source/portable/GCC/ARM_CM4F/port.o
                0x0800ad60                PendSV_Handler
 .text.SysTick_Handler
                0x0800adc8       0x44 ./Middlewares/Third_Party/FreeRTOS/Source/portable/GCC/ARM_CM4F/port.o
                0x0800adc8                SysTick_Handler
 .text.vPortSetupTimerInterrupt
                0x0800ae0c       0x48 ./Middlewares/Third_Party/FreeRTOS/Source/portable/GCC/ARM_CM4F/port.o
                0x0800ae0c                vPortSetupTimerInterrupt
 .text.vPortEnableVFP
                0x0800ae54       0x14 ./Middlewares/Third_Party/FreeRTOS/Source/portable/GCC/ARM_CM4F/port.o
 .text.vPortValidateInterruptPriority
                0x0800ae68       0x84 ./Middlewares/Third_Party/FreeRTOS/Source/portable/GCC/ARM_CM4F/port.o
                0x0800ae68                vPortValidateInterruptPriority
 .text.pvPortMalloc
                0x0800aeec      0x19c ./Middlewares/Third_Party/FreeRTOS/Source/portable/MemMang/heap_4.o
                0x0800aeec                pvPortMalloc
 .text.vPortFree
                0x0800b088       0xc8 ./Middlewares/Third_Party/FreeRTOS/Source/portable/MemMang/heap_4.o
                0x0800b088                vPortFree
 .text.prvHeapInit
                0x0800b150       0xc4 ./Middlewares/Third_Party/FreeRTOS/Source/portable/MemMang/heap_4.o
 .text.prvInsertBlockIntoFreeList
                0x0800b214       0xb4 ./Middlewares/Third_Party/FreeRTOS/Source/portable/MemMang/heap_4.o
 .text.malloc   0x0800b2c8       0x10 C:/ST/STM32CubeIDE_2.1.1/STM32CubeIDE/plugins/com.st.stm32cube.ide.mcu.externaltools.gnu-tools-for-stm32.14.3.rel1.win32_1.0.100.202602081740/tools/bin/../lib/gcc/arm-none-eabi/14.3.1/../../../../arm-none-eabi/lib/thumb/v7e-m+fp/hard\libc_nano.a(libc_a-malloc.o)
                0x0800b2c8                malloc
 .text.free     0x0800b2d8       0x10 C:/ST/STM32CubeIDE_2.1.1/STM32CubeIDE/plugins/com.st.stm32cube.ide.mcu.externaltools.gnu-tools-for-stm32.14.3.rel1.win32_1.0.100.202602081740/tools/bin/../lib/gcc/arm-none-eabi/14.3.1/../../../../arm-none-eabi/lib/thumb/v7e-m+fp/hard\libc_nano.a(libc_a-malloc.o)
                0x0800b2d8                free
 .text.sbrk_aligned
                0x0800b2e8       0x44 C:/ST/STM32CubeIDE_2.1.1/STM32CubeIDE/plugins/com.st.stm32cube.ide.mcu.externaltools.gnu-tools-for-stm32.14.3.rel1.win32_1.0.100.202602081740/tools/bin/../lib/gcc/arm-none-eabi/14.3.1/../../../../arm-none-eabi/lib/thumb/v7e-m+fp/hard\libc_nano.a(libc_a-mallocr.o)
 .text._malloc_r
                0x0800b32c      0x100 C:/ST/STM32CubeIDE_2.1.1/STM32CubeIDE/plugins/com.st.stm32cube.ide.mcu.externaltools.gnu-tools-for-stm32.14.3.rel1.win32_1.0.100.202602081740/tools/bin/../lib/gcc/arm-none-eabi/14.3.1/../../../../arm-none-eabi/lib/thumb/v7e-m+fp/hard\libc_nano.a(libc_a-mallocr.o)
                0x0800b32c                _malloc_r
 .text.__malloc_lock
                0x0800b42c        0xc C:/ST/STM32CubeIDE_2.1.1/STM32CubeIDE/plugins/com.st.stm32cube.ide.mcu.externaltools.gnu-tools-for-stm32.14.3.rel1.win32_1.0.100.202602081740/tools/bin/../lib/gcc/arm-none-eabi/14.3.1/../../../../arm-none-eabi/lib/thumb/v7e-m+fp/hard\libc_nano.a(libc_a-mlock.o)
                0x0800b42c                __malloc_lock
 .text.__malloc_unlock
                0x0800b438        0xc C:/ST/STM32CubeIDE_2.1.1/STM32CubeIDE/plugins/com.st.stm32cube.ide.mcu.externaltools.gnu-tools-for-stm32.14.3.rel1.win32_1.0.100.202602081740/tools/bin/../lib/gcc/arm-none-eabi/14.3.1/../../../../arm-none-eabi/lib/thumb/v7e-m+fp/hard\libc_nano.a(libc_a-mlock.o)
                0x0800b438                __malloc_unlock
 .text.snprintf
                0x0800b444       0x6c C:/ST/STM32CubeIDE_2.1.1/STM32CubeIDE/plugins/com.st.stm32cube.ide.mcu.externaltools.gnu-tools-for-stm32.14.3.rel1.win32_1.0.100.202602081740/tools/bin/../lib/gcc/arm-none-eabi/14.3.1/../../../../arm-none-eabi/lib/thumb/v7e-m+fp/hard\libc_nano.a(libc_a-snprintf.o)
                0x0800b444                sniprintf
                0x0800b444                snprintf
 .text._vsnprintf_r
                0x0800b4b0       0x5c C:/ST/STM32CubeIDE_2.1.1/STM32CubeIDE/plugins/com.st.stm32cube.ide.mcu.externaltools.gnu-tools-for-stm32.14.3.rel1.win32_1.0.100.202602081740/tools/bin/../lib/gcc/arm-none-eabi/14.3.1/../../../../arm-none-eabi/lib/thumb/v7e-m+fp/hard\libc_nano.a(libc_a-vsnprintf.o)
                0x0800b4b0                _vsniprintf_r
                0x0800b4b0                _vsnprintf_r
 .text.vsnprintf
                0x0800b50c       0x1c C:/ST/STM32CubeIDE_2.1.1/STM32CubeIDE/plugins/com.st.stm32cube.ide.mcu.externaltools.gnu-tools-for-stm32.14.3.rel1.win32_1.0.100.202602081740/tools/bin/../lib/gcc/arm-none-eabi/14.3.1/../../../../arm-none-eabi/lib/thumb/v7e-m+fp/hard\libc_nano.a(libc_a-vsnprintf.o)
                0x0800b50c                vsniprintf
                0x0800b50c                vsnprintf
 .text.memset   0x0800b528       0x10 C:/ST/STM32CubeIDE_2.1.1/STM32CubeIDE/plugins/com.st.stm32cube.ide.mcu.externaltools.gnu-tools-for-stm32.14.3.rel1.win32_1.0.100.202602081740/tools/bin/../lib/gcc/arm-none-eabi/14.3.1/../../../../arm-none-eabi/lib/thumb/v7e-m+fp/hard\libc_nano.a(libc_a-memset.o)
                0x0800b528                memset
 .text._reclaim_reent
                0x0800b538       0xbc C:/ST/STM32CubeIDE_2.1.1/STM32CubeIDE/plugins/com.st.stm32cube.ide.mcu.externaltools.gnu-tools-for-stm32.14.3.rel1.win32_1.0.100.202602081740/tools/bin/../lib/gcc/arm-none-eabi/14.3.1/../../../../arm-none-eabi/lib/thumb/v7e-m+fp/hard\libc_nano.a(libc_a-reent.o)
                0x0800b538                _reclaim_reent
 .text._sbrk_r  0x0800b5f4       0x20 C:/ST/STM32CubeIDE_2.1.1/STM32CubeIDE/plugins/com.st.stm32cube.ide.mcu.externaltools.gnu-tools-for-stm32.14.3.rel1.win32_1.0.100.202602081740/tools/bin/../lib/gcc/arm-none-eabi/14.3.1/../../../../arm-none-eabi/lib/thumb/v7e-m+fp/hard\libc_nano.a(libc_a-sbrkr.o)
                0x0800b5f4                _sbrk_r
 .text.__errno  0x0800b614        0xc C:/ST/STM32CubeIDE_2.1.1/STM32CubeIDE/plugins/com.st.stm32cube.ide.mcu.externaltools.gnu-tools-for-stm32.14.3.rel1.win32_1.0.100.202602081740/tools/bin/../lib/gcc/arm-none-eabi/14.3.1/../../../../arm-none-eabi/lib/thumb/v7e-m+fp/hard\libc_nano.a(libc_a-errno.o)
                0x0800b614                __errno
 .text.__libc_init_array
                0x0800b620       0x48 C:/ST/STM32CubeIDE_2.1.1/STM32CubeIDE/plugins/com.st.stm32cube.ide.mcu.externaltools.gnu-tools-for-stm32.14.3.rel1.win32_1.0.100.202602081740/tools/bin/../lib/gcc/arm-none-eabi/14.3.1/../../../../arm-none-eabi/lib/thumb/v7e-m+fp/hard\libc_nano.a(libc_a-init.o)
                0x0800b620                __libc_init_array
 .text.__retarget_lock_acquire_recursive
                0x0800b668        0x2 C:/ST/STM32CubeIDE_2.1.1/STM32CubeIDE/plugins/com.st.stm32cube.ide.mcu.externaltools.gnu-tools-for-stm32.14.3.rel1.win32_1.0.100.202602081740/tools/bin/../lib/gcc/arm-none-eabi/14.3.1/../../../../arm-none-eabi/lib/thumb/v7e-m+fp/hard\libc_nano.a(libc_a-lock.o)
                0x0800b668                __retarget_lock_acquire_recursive
 .text.__retarget_lock_release_recursive
                0x0800b66a        0x2 C:/ST/STM32CubeIDE_2.1.1/STM32CubeIDE/plugins/com.st.stm32cube.ide.mcu.externaltools.gnu-tools-for-stm32.14.3.rel1.win32_1.0.100.202602081740/tools/bin/../lib/gcc/arm-none-eabi/14.3.1/../../../../arm-none-eabi/lib/thumb/v7e-m+fp/hard\libc_nano.a(libc_a-lock.o)
                0x0800b66a                __retarget_lock_release_recursive
 .text.memcpy   0x0800b66c       0x1c C:/ST/STM32CubeIDE_2.1.1/STM32CubeIDE/plugins/com.st.stm32cube.ide.mcu.externaltools.gnu-tools-for-stm32.14.3.rel1.win32_1.0.100.202602081740/tools/bin/../lib/gcc/arm-none-eabi/14.3.1/../../../../arm-none-eabi/lib/thumb/v7e-m+fp/hard\libc_nano.a(libc_a-memcpy-stub.o)
                0x0800b66c                memcpy
 .text._free_r  0x0800b688       0x94 C:/ST/STM32CubeIDE_2.1.1/STM32CubeIDE/plugins/com.st.stm32cube.ide.mcu.externaltools.gnu-tools-for-stm32.14.3.rel1.win32_1.0.100.202602081740/tools/bin/../lib/gcc/arm-none-eabi/14.3.1/../../../../arm-none-eabi/lib/thumb/v7e-m+fp/hard\libc_nano.a(libc_a-freer.o)
                0x0800b688                _free_r
 .text.__ssputs_r
                0x0800b71c       0xc0 C:/ST/STM32CubeIDE_2.1.1/STM32CubeIDE/plugins/com.st.stm32cube.ide.mcu.externaltools.gnu-tools-for-stm32.14.3.rel1.win32_1.0.100.202602081740/tools/bin/../lib/gcc/arm-none-eabi/14.3.1/../../../../arm-none-eabi/lib/thumb/v7e-m+fp/hard\libc_nano.a(libc_a-nano-svfprintf.o)
                0x0800b71c                __ssputs_r
 .text._svfprintf_r
                0x0800b7dc      0x1f0 C:/ST/STM32CubeIDE_2.1.1/STM32CubeIDE/plugins/com.st.stm32cube.ide.mcu.externaltools.gnu-tools-for-stm32.14.3.rel1.win32_1.0.100.202602081740/tools/bin/../lib/gcc/arm-none-eabi/14.3.1/../../../../arm-none-eabi/lib/thumb/v7e-m+fp/hard\libc_nano.a(libc_a-nano-svfprintf.o)
                0x0800b7dc                _svfiprintf_r
                0x0800b7dc                _svfprintf_r
 .text._printf_common
                0x0800b9cc       0xda C:/ST/STM32CubeIDE_2.1.1/STM32CubeIDE/plugins/com.st.stm32cube.ide.mcu.externaltools.gnu-tools-for-stm32.14.3.rel1.win32_1.0.100.202602081740/tools/bin/../lib/gcc/arm-none-eabi/14.3.1/../../../../arm-none-eabi/lib/thumb/v7e-m+fp/hard\libc_nano.a(libc_a-nano-vfprintf_i.o)
                0x0800b9cc                _printf_common
 *fill*         0x0800baa6        0x2 
 .text._printf_i
                0x0800baa8      0x24c C:/ST/STM32CubeIDE_2.1.1/STM32CubeIDE/plugins/com.st.stm32cube.ide.mcu.externaltools.gnu-tools-for-stm32.14.3.rel1.win32_1.0.100.202602081740/tools/bin/../lib/gcc/arm-none-eabi/14.3.1/../../../../arm-none-eabi/lib/thumb/v7e-m+fp/hard\libc_nano.a(libc_a-nano-vfprintf_i.o)
                0x0800baa8                _printf_i
 .text.memmove  0x0800bcf4       0x32 C:/ST/STM32CubeIDE_2.1.1/STM32CubeIDE/plugins/com.st.stm32cube.ide.mcu.externaltools.gnu-tools-for-stm32.14.3.rel1.win32_1.0.100.202602081740/tools/bin/../lib/gcc/arm-none-eabi/14.3.1/../../../../arm-none-eabi/lib/thumb/v7e-m+fp/hard\libc_nano.a(libc_a-memmove.o)
                0x0800bcf4                memmove
 .text._realloc_r
                0x0800bd26       0x5c C:/ST/STM32CubeIDE_2.1.1/STM32CubeIDE/plugins/com.st.stm32cube.ide.mcu.externaltools.gnu-tools-for-stm32.14.3.rel1.win32_1.0.100.202602081740/tools/bin/../lib/gcc/arm-none-eabi/14.3.1/../../../../arm-none-eabi/lib/thumb/v7e-m+fp/hard\libc_nano.a(libc_a-reallocr.o)
                0x0800bd26                _realloc_r
 .text._malloc_usable_size_r
                0x0800bd82       0x10 C:/ST/STM32CubeIDE_2.1.1/STM32CubeIDE/plugins/com.st.stm32cube.ide.mcu.externaltools.gnu-tools-for-stm32.14.3.rel1.win32_1.0.100.202602081740/tools/bin/../lib/gcc/arm-none-eabi/14.3.1/../../../../arm-none-eabi/lib/thumb/v7e-m+fp/hard\libc_nano.a(libc_a-msizer.o)
                0x0800bd82                _malloc_usable_size_r
 *fill*         0x0800bd92        0x2 
 .text.sinf     0x0800bd94       0x74 C:/ST/STM32CubeIDE_2.1.1/STM32CubeIDE/plugins/com.st.stm32cube.ide.mcu.externaltools.gnu-tools-for-stm32.14.3.rel1.win32_1.0.100.202602081740/tools/bin/../lib/gcc/arm-none-eabi/14.3.1/../../../../arm-none-eabi/lib/thumb/v7e-m+fp/hard\libm.a(libm_a-sf_sin.o)
                0x0800bd94                sinf
 .text.__kernel_cosf
                0x0800be08      0x104 C:/ST/STM32CubeIDE_2.1.1/STM32CubeIDE/plugins/com.st.stm32cube.ide.mcu.externaltools.gnu-tools-for-stm32.14.3.rel1.win32_1.0.100.202602081740/tools/bin/../lib/gcc/arm-none-eabi/14.3.1/../../../../arm-none-eabi/lib/thumb/v7e-m+fp/hard\libm.a(libm_a-kf_cos.o)
                0x0800be08                __kernel_cosf
 .text.__kernel_sinf
                0x0800bf0c       0x90 C:/ST/STM32CubeIDE_2.1.1/STM32CubeIDE/plugins/com.st.stm32cube.ide.mcu.externaltools.gnu-tools-for-stm32.14.3.rel1.win32_1.0.100.202602081740/tools/bin/../lib/gcc/arm-none-eabi/14.3.1/../../../../arm-none-eabi/lib/thumb/v7e-m+fp/hard\libm.a(libm_a-kf_sin.o)
                0x0800bf0c                __kernel_sinf
 .text.__ieee754_rem_pio2f
                0x0800bf9c      0x26c C:/ST/STM32CubeIDE_2.1.1/STM32CubeIDE/plugins/com.st.stm32cube.ide.mcu.externaltools.gnu-tools-for-stm32.14.3.rel1.win32_1.0.100.202602081740/tools/bin/../lib/gcc/arm-none-eabi/14.3.1/../../../../arm-none-eabi/lib/thumb/v7e-m+fp/hard\libm.a(libm_a-ef_rem_pio2.o)
                0x0800bf9c                __ieee754_rem_pio2f
 .text.fabsf    0x0800c208       0x10 C:/ST/STM32CubeIDE_2.1.1/STM32CubeIDE/plugins/com.st.stm32cube.ide.mcu.externaltools.gnu-tools-for-stm32.14.3.rel1.win32_1.0.100.202602081740/tools/bin/../lib/gcc/arm-none-eabi/14.3.1/../../../../arm-none-eabi/lib/thumb/v7e-m+fp/hard\libm.a(libm_a-sf_fabs.o)
                0x0800c208                fabsf
 .text.__kernel_rem_pio2f
                0x0800c218      0x68c C:/ST/STM32CubeIDE_2.1.1/STM32CubeIDE/plugins/com.st.stm32cube.ide.mcu.externaltools.gnu-tools-for-stm32.14.3.rel1.win32_1.0.100.202602081740/tools/bin/../lib/gcc/arm-none-eabi/14.3.1/../../../../arm-none-eabi/lib/thumb/v7e-m+fp/hard\libm.a(libm_a-kf_rem_pio2.o)
                0x0800c218                __kernel_rem_pio2f
 .text.scalbnf  0x0800c8a4       0xdc C:/ST/STM32CubeIDE_2.1.1/STM32CubeIDE/plugins/com.st.stm32cube.ide.mcu.externaltools.gnu-tools-for-stm32.14.3.rel1.win32_1.0.100.202602081740/tools/bin/../lib/gcc/arm-none-eabi/14.3.1/../../../../arm-none-eabi/lib/thumb/v7e-m+fp/hard\libm.a(libm_a-sf_scalbn.o)
                0x0800c8a4                scalbnf
 .text.floorf   0x0800c980       0x94 C:/ST/STM32CubeIDE_2.1.1/STM32CubeIDE/plugins/com.st.stm32cube.ide.mcu.externaltools.gnu-tools-for-stm32.14.3.rel1.win32_1.0.100.202602081740/tools/bin/../lib/gcc/arm-none-eabi/14.3.1/../../../../arm-none-eabi/lib/thumb/v7e-m+fp/hard\libm.a(libm_a-sf_floor.o)
                0x0800c980                floorf
 *(.glue_7)
 .glue_7        0x0800ca14        0x0 linker stubs
 *(.glue_7t)
 .glue_7t       0x0800ca14        0x0 linker stubs
 *(.eh_frame)
 .eh_frame      0x0800ca14        0x0 C:/ST/STM32CubeIDE_2.1.1/STM32CubeIDE/plugins/com.st.stm32cube.ide.mcu.externaltools.gnu-tools-for-stm32.14.3.rel1.win32_1.0.100.202602081740/tools/bin/../lib/gcc/arm-none-eabi/14.3.1/thumb/v7e-m+fp/hard/crtbegin.o
 *(.init)
 .init          0x0800ca14        0x4 C:/ST/STM32CubeIDE_2.1.1/STM32CubeIDE/plugins/com.st.stm32cube.ide.mcu.externaltools.gnu-tools-for-stm32.14.3.rel1.win32_1.0.100.202602081740/tools/bin/../lib/gcc/arm-none-eabi/14.3.1/thumb/v7e-m+fp/hard/crti.o
                0x0800ca14                _init
 .init          0x0800ca18        0x8 C:/ST/STM32CubeIDE_2.1.1/STM32CubeIDE/plugins/com.st.stm32cube.ide.mcu.externaltools.gnu-tools-for-stm32.14.3.rel1.win32_1.0.100.202602081740/tools/bin/../lib/gcc/arm-none-eabi/14.3.1/thumb/v7e-m+fp/hard/crtn.o
 *(.fini)
 .fini          0x0800ca20        0x4 C:/ST/STM32CubeIDE_2.1.1/STM32CubeIDE/plugins/com.st.stm32cube.ide.mcu.externaltools.gnu-tools-for-stm32.14.3.rel1.win32_1.0.100.202602081740/tools/bin/../lib/gcc/arm-none-eabi/14.3.1/thumb/v7e-m+fp/hard/crti.o
                0x0800ca20                _fini
 .fini          0x0800ca24        0x8 C:/ST/STM32CubeIDE_2.1.1/STM32CubeIDE/plugins/com.st.stm32cube.ide.mcu.externaltools.gnu-tools-for-stm32.14.3.rel1.win32_1.0.100.202602081740/tools/bin/../lib/gcc/arm-none-eabi/14.3.1/thumb/v7e-m+fp/hard/crtn.o
                0x0800ca2c                        . = ALIGN (0x4)
                0x0800ca2c                        _etext = .

.vfp11_veneer   0x0800ca2c        0x0
 .vfp11_veneer  0x0800ca2c        0x0 linker stubs

.v4_bx          0x0800ca2c        0x0
 .v4_bx         0x0800ca2c        0x0 linker stubs

.iplt           0x0800ca2c        0x0
 .iplt          0x0800ca2c        0x0 C:/ST/STM32CubeIDE_2.1.1/STM32CubeIDE/plugins/com.st.stm32cube.ide.mcu.externaltools.gnu-tools-for-stm32.14.3.rel1.win32_1.0.100.202602081740/tools/bin/../lib/gcc/arm-none-eabi/14.3.1/thumb/v7e-m+fp/hard/crtbegin.o

.rodata         0x0800ca2c     0x37d8
                0x0800ca2c                        . = ALIGN (0x4)
 *(.rodata)
 .rodata        0x0800ca2c      0x27c ./Core/Src/main.o
 .rodata        0x0800cca8        0x5 ./Middlewares/Third_Party/FreeRTOS/Source/tasks.o
 *fill*         0x0800ccad        0x3 
 .rodata        0x0800ccb0        0xd ./Middlewares/Third_Party/FreeRTOS/Source/timers.o
 *(.rodata*)
 *fill*         0x0800ccbd        0x3 
 .rodata.asc2_1608
                0x0800ccc0      0x5e0 ./Core/Src/drv_lcd.o
                0x0800ccc0                asc2_1608
 .rodata.asc2_2412
                0x0800d2a0     0x11a0 ./Core/Src/drv_lcd.o
                0x0800d2a0                asc2_2412
 .rodata.asc2_3216
                0x0800e440     0x1780 ./Core/Src/drv_lcd.o
                0x0800e440                asc2_3216
 .rodata.s0_n   0x0800fbc0       0x10 ./Core/Src/main.o
 .rodata.s0_b   0x0800fbd0       0x20 ./Core/Src/main.o
 .rodata.song0  0x0800fbf0       0x14 ./Core/Src/main.o
 .rodata.s1_n   0x0800fc04       0x10 ./Core/Src/main.o
 .rodata.s1_b   0x0800fc14       0x20 ./Core/Src/main.o
 .rodata.song1  0x0800fc34       0x14 ./Core/Src/main.o
 .rodata.s2_n   0x0800fc48       0x10 ./Core/Src/main.o
 .rodata.s2_b   0x0800fc58       0x20 ./Core/Src/main.o
 .rodata.song2  0x0800fc78       0x14 ./Core/Src/main.o
 .rodata.s3_n   0x0800fc8c       0x10 ./Core/Src/main.o
 .rodata.s3_b   0x0800fc9c       0x20 ./Core/Src/main.o
 .rodata.song3  0x0800fcbc       0x14 ./Core/Src/main.o
 .rodata.s4_n   0x0800fcd0       0x10 ./Core/Src/main.o
 .rodata.s4_b   0x0800fce0       0x20 ./Core/Src/main.o
 .rodata.song4  0x0800fd00       0x14 ./Core/Src/main.o
 .rodata.s5_n   0x0800fd14       0x10 ./Core/Src/main.o
 .rodata.s5_b   0x0800fd24       0x20 ./Core/Src/main.o
 .rodata.song5  0x0800fd44       0x14 ./Core/Src/main.o
 .rodata.s6_n   0x0800fd58       0x10 ./Core/Src/main.o
 .rodata.s6_b   0x0800fd68       0x20 ./Core/Src/main.o
 .rodata.song6  0x0800fd88       0x14 ./Core/Src/main.o
 .rodata.s7_n   0x0800fd9c       0x10 ./Core/Src/main.o
 .rodata.s7_b   0x0800fdac       0x20 ./Core/Src/main.o
 .rodata.song7  0x0800fdcc       0x14 ./Core/Src/main.o
 .rodata.AHBPrescTable
                0x0800fde0       0x10 ./Core/Src/system_stm32f4xx.o
                0x0800fde0                AHBPrescTable
 .rodata.APBPrescTable
                0x0800fdf0        0x8 ./Core/Src/system_stm32f4xx.o
                0x0800fdf0                APBPrescTable
 .rodata.flagBitshiftOffset.0
                0x0800fdf8        0x8 ./Drivers/STM32F4xx_HAL_Driver/Src/stm32f4xx_hal_dma.o
 .rodata._svfprintf_r.str1.1
                0x0800fe00       0x33 C:/ST/STM32CubeIDE_2.1.1/STM32CubeIDE/plugins/com.st.stm32cube.ide.mcu.externaltools.gnu-tools-for-stm32.14.3.rel1.win32_1.0.100.202602081740/tools/bin/../lib/gcc/arm-none-eabi/14.3.1/../../../../arm-none-eabi/lib/thumb/v7e-m+fp/hard\libc_nano.a(libc_a-nano-svfprintf.o)
                                 0x11 (size before relaxing)
 .rodata._printf_i.str1.1
                0x0800fe33       0x22 C:/ST/STM32CubeIDE_2.1.1/STM32CubeIDE/plugins/com.st.stm32cube.ide.mcu.externaltools.gnu-tools-for-stm32.14.3.rel1.win32_1.0.100.202602081740/tools/bin/../lib/gcc/arm-none-eabi/14.3.1/../../../../arm-none-eabi/lib/thumb/v7e-m+fp/hard\libc_nano.a(libc_a-nano-vfprintf_i.o)
 *fill*         0x0800fe33        0x1 
 .rodata.npio2_hw
                0x0800fe34       0x80 C:/ST/STM32CubeIDE_2.1.1/STM32CubeIDE/plugins/com.st.stm32cube.ide.mcu.externaltools.gnu-tools-for-stm32.14.3.rel1.win32_1.0.100.202602081740/tools/bin/../lib/gcc/arm-none-eabi/14.3.1/../../../../arm-none-eabi/lib/thumb/v7e-m+fp/hard\libm.a(libm_a-ef_rem_pio2.o)
 .rodata.two_over_pi
                0x0800feb4      0x318 C:/ST/STM32CubeIDE_2.1.1/STM32CubeIDE/plugins/com.st.stm32cube.ide.mcu.externaltools.gnu-tools-for-stm32.14.3.rel1.win32_1.0.100.202602081740/tools/bin/../lib/gcc/arm-none-eabi/14.3.1/../../../../arm-none-eabi/lib/thumb/v7e-m+fp/hard\libm.a(libm_a-ef_rem_pio2.o)
 .rodata.PIo2   0x080101cc       0x2c C:/ST/STM32CubeIDE_2.1.1/STM32CubeIDE/plugins/com.st.stm32cube.ide.mcu.externaltools.gnu-tools-for-stm32.14.3.rel1.win32_1.0.100.202602081740/tools/bin/../lib/gcc/arm-none-eabi/14.3.1/../../../../arm-none-eabi/lib/thumb/v7e-m+fp/hard\libm.a(libm_a-kf_rem_pio2.o)
 .rodata.init_jk
                0x080101f8        0xc C:/ST/STM32CubeIDE_2.1.1/STM32CubeIDE/plugins/com.st.stm32cube.ide.mcu.externaltools.gnu-tools-for-stm32.14.3.rel1.win32_1.0.100.202602081740/tools/bin/../lib/gcc/arm-none-eabi/14.3.1/../../../../arm-none-eabi/lib/thumb/v7e-m+fp/hard\libm.a(libm_a-kf_rem_pio2.o)
                0x08010204                        . = ALIGN (0x4)

.ARM.extab      0x08010204        0x0
                0x08010204                        . = ALIGN (0x4)
 *(.ARM.extab* .gnu.linkonce.armextab.*)
                0x08010204                        . = ALIGN (0x4)

.ARM            0x08010204        0x8
                0x08010204                        . = ALIGN (0x4)
                0x08010204                        __exidx_start = .
 *(.ARM.exidx*)
 .ARM.exidx     0x08010204        0x8 C:/ST/STM32CubeIDE_2.1.1/STM32CubeIDE/plugins/com.st.stm32cube.ide.mcu.externaltools.gnu-tools-for-stm32.14.3.rel1.win32_1.0.100.202602081740/tools/bin/../lib/gcc/arm-none-eabi/14.3.1/../../../../arm-none-eabi/lib/thumb/v7e-m+fp/hard\libc_nano.a(libc_a-strlen.o)
 .ARM.exidx     0x0801020c        0x0 C:/ST/STM32CubeIDE_2.1.1/STM32CubeIDE/plugins/com.st.stm32cube.ide.mcu.externaltools.gnu-tools-for-stm32.14.3.rel1.win32_1.0.100.202602081740/tools/bin/../lib/gcc/arm-none-eabi/14.3.1/../../../../arm-none-eabi/lib/thumb/v7e-m+fp/hard\libc_nano.a(libc_a-memchr.o)
                                  0x8 (size before relaxing)
 .ARM.exidx     0x0801020c        0x0 C:/ST/STM32CubeIDE_2.1.1/STM32CubeIDE/plugins/com.st.stm32cube.ide.mcu.externaltools.gnu-tools-for-stm32.14.3.rel1.win32_1.0.100.202602081740/tools/bin/../lib/gcc/arm-none-eabi/14.3.1/thumb/v7e-m+fp/hard\libgcc.a(_udivmoddi4.o)
                                  0x8 (size before relaxing)
                0x0801020c                        __exidx_end = .
                0x0801020c                        . = ALIGN (0x4)

.preinit_array  0x0801020c        0x0
                0x0801020c                        . = ALIGN (0x4)
                0x0801020c                        PROVIDE (__preinit_array_start = .)
 *(.preinit_array*)
                0x0801020c                        PROVIDE (__preinit_array_end = .)
                0x0801020c                        . = ALIGN (0x4)

.init_array     0x0801020c        0x4
                0x0801020c                        . = ALIGN (0x4)
                0x0801020c                        PROVIDE (__init_array_start = .)
 *(SORT_BY_NAME(.init_array.*))
 *(.init_array*)
 .init_array    0x0801020c        0x4 C:/ST/STM32CubeIDE_2.1.1/STM32CubeIDE/plugins/com.st.stm32cube.ide.mcu.externaltools.gnu-tools-for-stm32.14.3.rel1.win32_1.0.100.202602081740/tools/bin/../lib/gcc/arm-none-eabi/14.3.1/thumb/v7e-m+fp/hard/crtbegin.o
                0x08010210                        PROVIDE (__init_array_end = .)
                0x08010210                        . = ALIGN (0x4)

.fini_array     0x08010210        0x4
                0x08010210                        . = ALIGN (0x4)
                [!provide]                        PROVIDE (__fini_array_start = .)
 *(SORT_BY_NAME(.fini_array.*))
 *(.fini_array*)
 .fini_array    0x08010210        0x4 C:/ST/STM32CubeIDE_2.1.1/STM32CubeIDE/plugins/com.st.stm32cube.ide.mcu.externaltools.gnu-tools-for-stm32.14.3.rel1.win32_1.0.100.202602081740/tools/bin/../lib/gcc/arm-none-eabi/14.3.1/thumb/v7e-m+fp/hard/crtbegin.o
                [!provide]                        PROVIDE (__fini_array_end = .)
                0x08010214                        . = ALIGN (0x4)
                0x08010214                        _sidata = LOADADDR (.data)

.rel.dyn        0x08010214        0x0
 .rel.iplt      0x08010214        0x0 C:/ST/STM32CubeIDE_2.1.1/STM32CubeIDE/plugins/com.st.stm32cube.ide.mcu.externaltools.gnu-tools-for-stm32.14.3.rel1.win32_1.0.100.202602081740/tools/bin/../lib/gcc/arm-none-eabi/14.3.1/thumb/v7e-m+fp/hard/crtbegin.o

.data           0x20000000       0x84 load address 0x08010214
                0x20000000                        . = ALIGN (0x4)
                0x20000000                        _sdata = .
 *(.data)
 *(.data*)
 .data.BACK_COLOR
                0x20000000        0x2 ./Core/Src/drv_lcd.o
                0x20000000                BACK_COLOR
 *fill*         0x20000002        0x2 
 .data.track_list
                0x20000004       0x20 ./Core/Src/main.o
                0x20000004                track_list
 .data.SystemCoreClock
                0x20000024        0x4 ./Core/Src/system_stm32f4xx.o
                0x20000024                SystemCoreClock
 .data.uwTickPrio
                0x20000028        0x4 ./Drivers/STM32F4xx_HAL_Driver/Src/stm32f4xx_hal.o
                0x20000028                uwTickPrio
 .data.uwTickFreq
                0x2000002c        0x1 ./Drivers/STM32F4xx_HAL_Driver/Src/stm32f4xx_hal.o
                0x2000002c                uwTickFreq
 *fill*         0x2000002d        0x3 
 .data.uxCriticalNesting
                0x20000030        0x4 ./Middlewares/Third_Party/FreeRTOS/Source/portable/GCC/ARM_CM4F/port.o
 .data._impure_ptr
                0x20000034        0x4 C:/ST/STM32CubeIDE_2.1.1/STM32CubeIDE/plugins/com.st.stm32cube.ide.mcu.externaltools.gnu-tools-for-stm32.14.3.rel1.win32_1.0.100.202602081740/tools/bin/../lib/gcc/arm-none-eabi/14.3.1/../../../../arm-none-eabi/lib/thumb/v7e-m+fp/hard\libc_nano.a(libc_a-impure.o)
                0x20000034                _impure_ptr
 .data._impure_data
                0x20000038       0x4c C:/ST/STM32CubeIDE_2.1.1/STM32CubeIDE/plugins/com.st.stm32cube.ide.mcu.externaltools.gnu-tools-for-stm32.14.3.rel1.win32_1.0.100.202602081740/tools/bin/../lib/gcc/arm-none-eabi/14.3.1/../../../../arm-none-eabi/lib/thumb/v7e-m+fp/hard\libc_nano.a(libc_a-impure.o)
                0x20000038                _impure_data
 *(.RamFunc)
 *(.RamFunc*)
                0x20000084                        . = ALIGN (0x4)
                0x20000084                        _edata = .
                0x08010298                        _siccmram = LOADADDR (.ccmram)

.igot.plt       0x20000084        0x0 load address 0x08010298
 .igot.plt      0x20000084        0x0 C:/ST/STM32CubeIDE_2.1.1/STM32CubeIDE/plugins/com.st.stm32cube.ide.mcu.externaltools.gnu-tools-for-stm32.14.3.rel1.win32_1.0.100.202602081740/tools/bin/../lib/gcc/arm-none-eabi/14.3.1/thumb/v7e-m+fp/hard/crtbegin.o

.ccmram         0x10000000        0x0 load address 0x08010298
                0x10000000                        . = ALIGN (0x4)
                0x10000000                        _sccmram = .
 *(.ccmram)
 *(.ccmram*)
                0x10000000                        . = ALIGN (0x4)
                0x10000000                        _eccmram = .
                0x10000000                        . = ALIGN (0x4)

.bss            0x20000084     0x4df4
                0x20000084                        _sbss = .
                0x20000084                        __bss_start__ = _sbss
 *(.bss)
 .bss           0x20000084       0x1c C:/ST/STM32CubeIDE_2.1.1/STM32CubeIDE/plugins/com.st.stm32cube.ide.mcu.externaltools.gnu-tools-for-stm32.14.3.rel1.win32_1.0.100.202602081740/tools/bin/../lib/gcc/arm-none-eabi/14.3.1/thumb/v7e-m+fp/hard/crtbegin.o
 *(.bss*)
 .bss.es_dev    0x200000a0        0xc ./Core/Src/drv_es8388.o
 .bss.lcddev    0x200000ac        0xe ./Core/Src/drv_lcd.o
                0x200000ac                lcddev
 .bss.FORE_COLOR
                0x200000ba        0x2 ./Core/Src/drv_lcd.o
                0x200000ba                FORE_COLOR
 .bss.xIdleTaskTCBBuffer
                0x200000bc       0xa0 ./Core/Src/freertos.o
 .bss.xIdleStack
                0x2000015c      0x200 ./Core/Src/freertos.o
 .bss.xTimerTaskTCBBuffer
                0x2000035c       0xa0 ./Core/Src/freertos.o
 .bss.xTimerStack
                0x200003fc      0x400 ./Core/Src/freertos.o
 .bss.hadc1     0x200007fc       0x48 ./Core/Src/main.o
                0x200007fc                hadc1
 .bss.hi2c2     0x20000844       0x54 ./Core/Src/main.o
                0x20000844                hi2c2
 .bss.hi2s3     0x20000898       0x48 ./Core/Src/main.o
                0x20000898                hi2s3
 .bss.hdma_spi3_tx
                0x200008e0       0x60 ./Core/Src/main.o
                0x200008e0                hdma_spi3_tx
 .bss.htim3     0x20000940       0x48 ./Core/Src/main.o
                0x20000940                htim3
 .bss.huart1    0x20000988       0x48 ./Core/Src/main.o
                0x20000988                huart1
 .bss.hsram1    0x200009d0       0x50 ./Core/Src/main.o
                0x200009d0                hsram1
 .bss.lcdLedsTaskHandle
                0x20000a20        0x4 ./Core/Src/main.o
                0x20000a20                lcdLedsTaskHandle
 .bss.buttonsTaskHandle
                0x20000a24        0x4 ./Core/Src/main.o
                0x20000a24                buttonsTaskHandle
 .bss.volumeTaskHandle
                0x20000a28        0x4 ./Core/Src/main.o
                0x20000a28                volumeTaskHandle
 .bss.lcdMutexHandle
                0x20000a2c        0x4 ./Core/Src/main.o
                0x20000a2c                lcdMutexHandle
 .bss.audio_sample_buffer
                0x20000a30      0x400 ./Core/Src/main.o
                0x20000a30                audio_sample_buffer
 .bss.active_tone_freq
                0x20000e30        0x4 ./Core/Src/main.o
                0x20000e30                active_tone_freq
 .bss.phase_accumulator
                0x20000e34        0x4 ./Core/Src/main.o
                0x20000e34                phase_accumulator
 .bss.active_track_idx
                0x20000e38        0x4 ./Core/Src/main.o
                0x20000e38                active_track_idx
 .bss.pending_track_idx
                0x20000e3c        0x4 ./Core/Src/main.o
                0x20000e3c                pending_track_idx
 .bss.note_counter
                0x20000e40        0x4 ./Core/Src/main.o
                0x20000e40                note_counter
 .bss.player_status
                0x20000e44        0x1 ./Core/Src/main.o
                0x20000e44                player_status
 .bss.awaiting_confirm
                0x20000e45        0x1 ./Core/Src/main.o
                0x20000e45                awaiting_confirm
 *fill*         0x20000e46        0x2 
 .bss.confirm_timeout_tick
                0x20000e48        0x4 ./Core/Src/main.o
                0x20000e48                confirm_timeout_tick
 .bss.FSMC_Initialized
                0x20000e4c        0x4 ./Core/Src/stm32f4xx_hal_msp.o
 .bss.htim1     0x20000e50       0x48 ./Core/Src/stm32f4xx_hal_timebase_tim.o
                0x20000e50                htim1
 .bss.__sbrk_heap_end
                0x20000e98        0x4 ./Core/Src/sysmem.o
 .bss.uwTick    0x20000e9c        0x4 ./Drivers/STM32F4xx_HAL_Driver/Src/stm32f4xx_hal.o
                0x20000e9c                uwTick
 .bss.xQueueRegistry
                0x20000ea0       0x40 ./Middlewares/Third_Party/FreeRTOS/Source/queue.o
                0x20000ea0                xQueueRegistry
 .bss.pxCurrentTCB
                0x20000ee0        0x4 ./Middlewares/Third_Party/FreeRTOS/Source/tasks.o
                0x20000ee0                pxCurrentTCB
 .bss.pxReadyTasksLists
                0x20000ee4       0x8c ./Middlewares/Third_Party/FreeRTOS/Source/tasks.o
 .bss.xDelayedTaskList1
                0x20000f70       0x14 ./Middlewares/Third_Party/FreeRTOS/Source/tasks.o
 .bss.xDelayedTaskList2
                0x20000f84       0x14 ./Middlewares/Third_Party/FreeRTOS/Source/tasks.o
 .bss.pxDelayedTaskList
                0x20000f98        0x4 ./Middlewares/Third_Party/FreeRTOS/Source/tasks.o
 .bss.pxOverflowDelayedTaskList
                0x20000f9c        0x4 ./Middlewares/Third_Party/FreeRTOS/Source/tasks.o
 .bss.xPendingReadyList
                0x20000fa0       0x14 ./Middlewares/Third_Party/FreeRTOS/Source/tasks.o
 .bss.xTasksWaitingTermination
                0x20000fb4       0x14 ./Middlewares/Third_Party/FreeRTOS/Source/tasks.o
 .bss.uxDeletedTasksWaitingCleanUp
                0x20000fc8        0x4 ./Middlewares/Third_Party/FreeRTOS/Source/tasks.o
 .bss.xSuspendedTaskList
                0x20000fcc       0x14 ./Middlewares/Third_Party/FreeRTOS/Source/tasks.o
 .bss.uxCurrentNumberOfTasks
                0x20000fe0        0x4 ./Middlewares/Third_Party/FreeRTOS/Source/tasks.o
 .bss.xTickCount
                0x20000fe4        0x4 ./Middlewares/Third_Party/FreeRTOS/Source/tasks.o
 .bss.uxTopReadyPriority
                0x20000fe8        0x4 ./Middlewares/Third_Party/FreeRTOS/Source/tasks.o
 .bss.xSchedulerRunning
                0x20000fec        0x4 ./Middlewares/Third_Party/FreeRTOS/Source/tasks.o
 .bss.xPendedTicks
                0x20000ff0        0x4 ./Middlewares/Third_Party/FreeRTOS/Source/tasks.o
 .bss.xYieldPending
                0x20000ff4        0x4 ./Middlewares/Third_Party/FreeRTOS/Source/tasks.o
 .bss.xNumOfOverflows
                0x20000ff8        0x4 ./Middlewares/Third_Party/FreeRTOS/Source/tasks.o
 .bss.uxTaskNumber
                0x20000ffc        0x4 ./Middlewares/Third_Party/FreeRTOS/Source/tasks.o
 .bss.xNextTaskUnblockTime
                0x20001000        0x4 ./Middlewares/Third_Party/FreeRTOS/Source/tasks.o
 .bss.xIdleTaskHandle
                0x20001004        0x4 ./Middlewares/Third_Party/FreeRTOS/Source/tasks.o
 .bss.uxSchedulerSuspended
                0x20001008        0x4 ./Middlewares/Third_Party/FreeRTOS/Source/tasks.o
 .bss.xActiveTimerList1
                0x2000100c       0x14 ./Middlewares/Third_Party/FreeRTOS/Source/timers.o
 .bss.xActiveTimerList2
                0x20001020       0x14 ./Middlewares/Third_Party/FreeRTOS/Source/timers.o
 .bss.pxCurrentTimerList
                0x20001034        0x4 ./Middlewares/Third_Party/FreeRTOS/Source/timers.o
 .bss.pxOverflowTimerList
                0x20001038        0x4 ./Middlewares/Third_Party/FreeRTOS/Source/timers.o
 .bss.xTimerQueue
                0x2000103c        0x4 ./Middlewares/Third_Party/FreeRTOS/Source/timers.o
 .bss.xTimerTaskHandle
                0x20001040        0x4 ./Middlewares/Third_Party/FreeRTOS/Source/timers.o
 .bss.xLastTime.2
                0x20001044        0x4 ./Middlewares/Third_Party/FreeRTOS/Source/timers.o
 .bss.ucStaticTimerQueueStorage.1
                0x20001048       0x78 ./Middlewares/Third_Party/FreeRTOS/Source/timers.o
 .bss.xStaticTimerQueue.0
                0x200010c0       0x48 ./Middlewares/Third_Party/FreeRTOS/Source/timers.o
 .bss.ucMaxSysCallPriority
                0x20001108        0x1 ./Middlewares/Third_Party/FreeRTOS/Source/portable/GCC/ARM_CM4F/port.o
 *fill*         0x20001109        0x3 
 .bss.ulMaxPRIGROUPValue
                0x2000110c        0x4 ./Middlewares/Third_Party/FreeRTOS/Source/portable/GCC/ARM_CM4F/port.o
 .bss.ucHeap    0x20001110     0x3c00 ./Middlewares/Third_Party/FreeRTOS/Source/portable/MemMang/heap_4.o
 .bss.xStart    0x20004d10        0x8 ./Middlewares/Third_Party/FreeRTOS/Source/portable/MemMang/heap_4.o
 .bss.pxEnd     0x20004d18        0x4 ./Middlewares/Third_Party/FreeRTOS/Source/portable/MemMang/heap_4.o
 .bss.xFreeBytesRemaining
                0x20004d1c        0x4 ./Middlewares/Third_Party/FreeRTOS/Source/portable/MemMang/heap_4.o
 .bss.xMinimumEverFreeBytesRemaining
                0x20004d20        0x4 ./Middlewares/Third_Party/FreeRTOS/Source/portable/MemMang/heap_4.o
 .bss.xNumberOfSuccessfulAllocations
                0x20004d24        0x4 ./Middlewares/Third_Party/FreeRTOS/Source/portable/MemMang/heap_4.o
 .bss.xNumberOfSuccessfulFrees
                0x20004d28        0x4 ./Middlewares/Third_Party/FreeRTOS/Source/portable/MemMang/heap_4.o
 .bss.xBlockAllocatedBit
                0x20004d2c        0x4 ./Middlewares/Third_Party/FreeRTOS/Source/portable/MemMang/heap_4.o
 .bss.__malloc_sbrk_start
                0x20004d30        0x4 C:/ST/STM32CubeIDE_2.1.1/STM32CubeIDE/plugins/com.st.stm32cube.ide.mcu.externaltools.gnu-tools-for-stm32.14.3.rel1.win32_1.0.100.202602081740/tools/bin/../lib/gcc/arm-none-eabi/14.3.1/../../../../arm-none-eabi/lib/thumb/v7e-m+fp/hard\libc_nano.a(libc_a-mallocr.o)
                0x20004d30                __malloc_sbrk_start
 .bss.__malloc_free_list
                0x20004d34        0x4 C:/ST/STM32CubeIDE_2.1.1/STM32CubeIDE/plugins/com.st.stm32cube.ide.mcu.externaltools.gnu-tools-for-stm32.14.3.rel1.win32_1.0.100.202602081740/tools/bin/../lib/gcc/arm-none-eabi/14.3.1/../../../../arm-none-eabi/lib/thumb/v7e-m+fp/hard\libc_nano.a(libc_a-mallocr.o)
                0x20004d34                __malloc_free_list
 .bss.__sf      0x20004d38      0x138 C:/ST/STM32CubeIDE_2.1.1/STM32CubeIDE/plugins/com.st.stm32cube.ide.mcu.externaltools.gnu-tools-for-stm32.14.3.rel1.win32_1.0.100.202602081740/tools/bin/../lib/gcc/arm-none-eabi/14.3.1/../../../../arm-none-eabi/lib/thumb/v7e-m+fp/hard\libc_nano.a(libc_a-findfp.o)
                0x20004d38                __sf
 .bss.errno     0x20004e70        0x4 C:/ST/STM32CubeIDE_2.1.1/STM32CubeIDE/plugins/com.st.stm32cube.ide.mcu.externaltools.gnu-tools-for-stm32.14.3.rel1.win32_1.0.100.202602081740/tools/bin/../lib/gcc/arm-none-eabi/14.3.1/../../../../arm-none-eabi/lib/thumb/v7e-m+fp/hard\libc_nano.a(libc_a-reent.o)
                0x20004e70                errno
 .bss.__lock___malloc_recursive_mutex
                0x20004e74        0x1 C:/ST/STM32CubeIDE_2.1.1/STM32CubeIDE/plugins/com.st.stm32cube.ide.mcu.externaltools.gnu-tools-for-stm32.14.3.rel1.win32_1.0.100.202602081740/tools/bin/../lib/gcc/arm-none-eabi/14.3.1/../../../../arm-none-eabi/lib/thumb/v7e-m+fp/hard\libc_nano.a(libc_a-lock.o)
                0x20004e74                __lock___malloc_recursive_mutex
 *(COMMON)
                0x20004e78                        . = ALIGN (0x4)
 *fill*         0x20004e75        0x3 
                0x20004e78                        _ebss = .
                0x20004e78                        __bss_end__ = _ebss

._user_heap_stack
                0x20004e78      0x600
                0x20004e78                        . = ALIGN (0x8)
                [!provide]                        PROVIDE (end = .)
                0x20004e78                        PROVIDE (_end = .)
                0x20005078                        . = (. + _Min_Heap_Size)
 *fill*         0x20004e78      0x200 
                0x20005478                        . = (. + _Min_Stack_Size)
 *fill*         0x20005078      0x400 
                0x20005478                        . = ALIGN (0x8)

/DISCARD/
 libc.a(*)
 libm.a(*)
 libgcc.a(*)

.ARM.attributes
                0x00000000       0x30
 *(.ARM.attributes)
 .ARM.attributes
                0x00000000       0x22 C:/ST/STM32CubeIDE_2.1.1/STM32CubeIDE/plugins/com.st.stm32cube.ide.mcu.externaltools.gnu-tools-for-stm32.14.3.rel1.win32_1.0.100.202602081740/tools/bin/../lib/gcc/arm-none-eabi/14.3.1/thumb/v7e-m+fp/hard/crti.o
 .ARM.attributes
                0x00000022       0x34 C:/ST/STM32CubeIDE_2.1.1/STM32CubeIDE/plugins/com.st.stm32cube.ide.mcu.externaltools.gnu-tools-for-stm32.14.3.rel1.win32_1.0.100.202602081740/tools/bin/../lib/gcc/arm-none-eabi/14.3.1/thumb/v7e-m+fp/hard/crtbegin.o
 .ARM.attributes
                0x00000056       0x34 ./Core/Src/drv_es8388.o
 .ARM.attributes
                0x0000008a       0x34 ./Core/Src/drv_lcd.o
 .ARM.attributes
                0x000000be       0x34 ./Core/Src/freertos.o
 .ARM.attributes
                0x000000f2       0x34 ./Core/Src/main.o
 .ARM.attributes
                0x00000126       0x34 ./Core/Src/stm32f4xx_hal_msp.o
 .ARM.attributes
                0x0000015a       0x34 ./Core/Src/stm32f4xx_hal_timebase_tim.o
 .ARM.attributes
                0x0000018e       0x34 ./Core/Src/stm32f4xx_it.o
 .ARM.attributes
                0x000001c2       0x34 ./Core/Src/sysmem.o
 .ARM.attributes
                0x000001f6       0x34 ./Core/Src/system_stm32f4xx.o
 .ARM.attributes
                0x0000022a       0x21 ./Core/Startup/startup_stm32f407zgtx.o
 .ARM.attributes
                0x0000024b       0x34 ./Drivers/STM32F4xx_HAL_Driver/Src/stm32f4xx_hal.o
 .ARM.attributes
                0x0000027f       0x34 ./Drivers/STM32F4xx_HAL_Driver/Src/stm32f4xx_hal_adc.o
 .ARM.attributes
                0x000002b3       0x34 ./Drivers/STM32F4xx_HAL_Driver/Src/stm32f4xx_hal_cortex.o
 .ARM.attributes
                0x000002e7       0x34 ./Drivers/STM32F4xx_HAL_Driver/Src/stm32f4xx_hal_dma.o
 .ARM.attributes
                0x0000031b       0x34 ./Drivers/STM32F4xx_HAL_Driver/Src/stm32f4xx_hal_gpio.o
 .ARM.attributes
                0x0000034f       0x34 ./Drivers/STM32F4xx_HAL_Driver/Src/stm32f4xx_hal_i2c.o
 .ARM.attributes
                0x00000383       0x34 ./Drivers/STM32F4xx_HAL_Driver/Src/stm32f4xx_hal_i2s.o
 .ARM.attributes
                0x000003b7       0x34 ./Drivers/STM32F4xx_HAL_Driver/Src/stm32f4xx_hal_i2s_ex.o
 .ARM.attributes
                0x000003eb       0x34 ./Drivers/STM32F4xx_HAL_Driver/Src/stm32f4xx_hal_pwr.o
 .ARM.attributes
                0x0000041f       0x34 ./Drivers/STM32F4xx_HAL_Driver/Src/stm32f4xx_hal_rcc.o
 .ARM.attributes
                0x00000453       0x34 ./Drivers/STM32F4xx_HAL_Driver/Src/stm32f4xx_hal_rcc_ex.o
 .ARM.attributes
                0x00000487       0x34 ./Drivers/STM32F4xx_HAL_Driver/Src/stm32f4xx_hal_sram.o
 .ARM.attributes
                0x000004bb       0x34 ./Drivers/STM32F4xx_HAL_Driver/Src/stm32f4xx_hal_tim.o
 .ARM.attributes
                0x000004ef       0x34 ./Drivers/STM32F4xx_HAL_Driver/Src/stm32f4xx_hal_tim_ex.o
 .ARM.attributes
                0x00000523       0x34 ./Drivers/STM32F4xx_HAL_Driver/Src/stm32f4xx_hal_uart.o
 .ARM.attributes
                0x00000557       0x34 ./Drivers/STM32F4xx_HAL_Driver/Src/stm32f4xx_ll_fsmc.o
 .ARM.attributes
                0x0000058b       0x34 ./Middlewares/Third_Party/FreeRTOS/Source/CMSIS_RTOS/cmsis_os.o
 .ARM.attributes
                0x000005bf       0x34 ./Middlewares/Third_Party/FreeRTOS/Source/list.o
 .ARM.attributes
                0x000005f3       0x34 ./Middlewares/Third_Party/FreeRTOS/Source/queue.o
 .ARM.attributes
                0x00000627       0x34 ./Middlewares/Third_Party/FreeRTOS/Source/tasks.o
 .ARM.attributes
                0x0000065b       0x34 ./Middlewares/Third_Party/FreeRTOS/Source/timers.o
 .ARM.attributes
                0x0000068f       0x34 ./Middlewares/Third_Party/FreeRTOS/Source/portable/GCC/ARM_CM4F/port.o
 .ARM.attributes
                0x000006c3       0x34 ./Middlewares/Third_Party/FreeRTOS/Source/portable/MemMang/heap_4.o
 .ARM.attributes
                0x000006f7       0x34 C:/ST/STM32CubeIDE_2.1.1/STM32CubeIDE/plugins/com.st.stm32cube.ide.mcu.externaltools.gnu-tools-for-stm32.14.3.rel1.win32_1.0.100.202602081740/tools/bin/../lib/gcc/arm-none-eabi/14.3.1/../../../../arm-none-eabi/lib/thumb/v7e-m+fp/hard\libc_nano.a(libc_a-malloc.o)
 .ARM.attributes