../Core/Src/drv_lcd.c:63:6:LCD_WR_REG	16	static
../Core/Src/drv_lcd.c:71:6:LCD_WR_DATA16	16	static
../Core/Src/drv_lcd.c:77:6:LCD_WR_DATA8	16	static
../Core/Src/drv_lcd.c:84:9:LCD_RD_DATA8	4	static
../Core/Src/drv_lcd.c:92:6:LCD_WriteReg	16	static
../Core/Src/drv_lcd.c:101:10:LCD_ReadReg	16	static
../Core/Src/drv_lcd.c:108:6:LCD_WriteRAM_Prepare	4	static
../Core/Src/drv_lcd.c:115:6:LCD_WriteRAM	16	static
../Core/Src/drv_lcd.c:124:10:LCD_BGR2RGB	24	static
../Core/Src/drv_lcd.c:137:6:LCD_SetCursor	16	static
../Core/Src/drv_lcd.c:150:6:LCD_ReadPoint	40	static
../Core/Src/drv_lcd.c:173:6:LCD_DisplayOn	8	static
../Core/Src/drv_lcd.c:179:6:LCD_DisplayOff	8	static
../Core/Src/drv_lcd.c:185:6:LCD_PWM_BackLightInit	8	static
../Core/Src/drv_lcd.c:192:6:LCD_BackLightSet	16	static
../Core/Src/drv_lcd.c:210:6:LCD_Scan_Dir	16	static
../Core/Src/drv_lcd.c:218:13:LCD_Fast_DrawPoint	32	static
../Core/Src/drv_lcd.c:234:6:LCD_Display_Dir	16	static
../Core/Src/drv_lcd.c:259:12:lcd_write_half_word	16	static
../Core/Src/drv_lcd.c:265:12:lcd_write_data_buffer	24	static
../Core/Src/drv_lcd.c:292:6:lcd_set_color	16	static
../Core/Src/drv_lcd.c:308:6:lcd_address_set	24	static
../Core/Src/drv_lcd.c:332:6:lcd_clear	24	static
../Core/Src/drv_lcd.c:352:6:lcd_draw_point	16	static
../Core/Src/drv_lcd.c:370:6:lcd_fill	40	static
../Core/Src/drv_lcd.c:436:6:lcd_draw_line	552	static
../Core/Src/drv_lcd.c:509:6:lcd_draw_rectangle	24	static
../Core/Src/drv_lcd.c:526:6:lcd_draw_circle	32	static
../Core/Src/drv_lcd.c:556:13:lcd_show_char	48	static
../Core/Src/drv_lcd.c:734:6:lcd_show_num	32	static
../Core/Src/drv_lcd.c:750:5:lcd_show_string	156	static
../Core/Src/drv_lcd.c:801:5:lcd_show_image	24	static
../Core/Src/drv_lcd.c:990:6:lcd_fill_array	32	static
../Core/Src/drv_lcd.c:1009:6:LCD_DrawLine	64	static
../Core/Src/drv_lcd.c:1064:6:LCD_HLine	32	static
../Core/Src/drv_lcd.c:1069:6:LCD_VLine	32	static
../Core/Src/drv_lcd.c:1074:6:LCD_BlitLine	32	static
../Core/Src/drv_lcd.c:1094:5:drv_lcd_init	144	static
../Core/Src/drv_lcd.c:1279:9:drv_lcd_hw_init	8	static
