../Core/Src/main.c:83:6:Fill_Audio_Buffer	24	static
../Core/Src/main.c:108:6:HAL_I2S_TxHalfCpltCallback	16	static
../Core/Src/main.c:112:6:HAL_I2S_TxCpltCallback	16	static
../Core/Src/main.c:121:5:main	112	static
../Core/Src/main.c:182:6:update_lcd_leds_thread	112	static
../Core/Src/main.c:267:6:polling_buttons	32	static
../Core/Src/main.c:324:6:adjust_volume	24	static
../Core/Src/main.c:351:6:SystemClock_Config	88	static
../Core/Src/main.c:377:13:MX_ADC1_Init	24	static
../Core/Src/main.c:398:13:MX_I2C2_Init	8	static
../Core/Src/main.c:411:13:MX_I2S3_Init	8	static
../Core/Src/main.c:424:13:MX_TIM3_Init	48	static
../Core/Src/main.c:445:13:MX_USART1_UART_Init	8	static
../Core/Src/main.c:457:13:MX_DMA_Init	16	static
../Core/Src/main.c:463:13:MX_GPIO_Init	64	static
../Core/Src/main.c:504:13:MX_FSMC_Init	40	static
../Core/Src/main.c:534:6:HAL_TIM_PeriodElapsedCallback	16	static
../Core/Src/main.c:540:6:Error_Handler	4	static,ignoring_inline_asm
