../Core/Src/stm32f4xx_hal_msp.c:66:6:HAL_MspInit	16	static
../Core/Src/stm32f4xx_hal_msp.c:91:6:HAL_ADC_MspInit	48	static
../Core/Src/stm32f4xx_hal_msp.c:125:6:HAL_ADC_MspDeInit	16	static
../Core/Src/stm32f4xx_hal_msp.c:153:6:HAL_I2C_MspInit	48	static
../Core/Src/stm32f4xx_hal_msp.c:190:6:HAL_I2C_MspDeInit	16	static
../Core/Src/stm32f4xx_hal_msp.c:227:6:HAL_I2S_MspInit	72	static
../Core/Src/stm32f4xx_hal_msp.c:313:6:HAL_I2S_MspDeInit	16	static
../Core/Src/stm32f4xx_hal_msp.c:347:6:HAL_TIM_PWM_MspInit	24	static
../Core/Src/stm32f4xx_hal_msp.c:364:6:HAL_TIM_MspPostInit	40	static
../Core/Src/stm32f4xx_hal_msp.c:396:6:HAL_TIM_PWM_MspDeInit	16	static
../Core/Src/stm32f4xx_hal_msp.c:418:6:HAL_UART_MspInit	48	static
../Core/Src/stm32f4xx_hal_msp.c:455:6:HAL_UART_MspDeInit	16	static
../Core/Src/stm32f4xx_hal_msp.c:480:13:HAL_FSMC_MspInit	32	static
../Core/Src/stm32f4xx_hal_msp.c:545:6:HAL_SRAM_MspInit	16	static
../Core/Src/stm32f4xx_hal_msp.c:557:13:HAL_FSMC_MspDeInit	8	static
../Core/Src/stm32f4xx_hal_msp.c:605:6:HAL_SRAM_MspDeInit	16	static
